xTmNqP2eCNhm 6 6
hx8Ej0GwjrLsqevXyw 4 4
FdlUFOXMyTGDUbNUz 5 5
0VbfZ70eXOR4Zt 5 5
FdlUFOXMyTGDUbNUz 4
FdlUFOXMyTGDUbNUz 3
FdlUFOXMyTGDUbNUz 2
xTmNqP2eCNhm 5
xTmNqP2eCNhm 4
FdlUFOXMyTGDUbNUz 1
hx8Ej0GwjrLsqevXyw 3
xTmNqP2eCNhm 3
0VbfZ70eXOR4Zt 4
hx8Ej0GwjrLsqevXyw 2
xTmNqP2eCNhm 2
xTmNqP2eCNhm 1
0VbfZ70eXOR4Zt 3
hx8Ej0GwjrLsqevXyw 1
0VbfZ70eXOR4Zt 2
hx8Ej0GwjrLsqevXyw 0
0VbfZ70eXOR4Zt 1
0VbfZ70eXOR4Zt 0
xTmNqP2eCNhm 6 1
hx8Ej0GwjrLsqevXyw 4 0
FdlUFOXMyTGDUbNUz 5 1
0VbfZ70eXOR4Zt 5 0
