xTmNqP2eCNhmUk 6 6
8Ej0GwjrLsqevXywkxYWQhEkc 3 3
TGDUbNUzcc1oEXbAeXOR4ZtTw 6 6
EcQiBQhcyWIgMeKqPiXgGcOhIa 6 6
sjxUXmHMHsmeDIqmRD0HLgmqOk 3 3
dUCbsW0RB4lpjmngCMhiaqFcsI 4 4
JTovQ4qJrB 5 5
0RIqevewyoOvzWtgEw 5 5
P6nN7lGSpZ0fyLyiMWL 6 6
KqJfcQp5AYxLqHXHWyEeY1 3 3
