xTmNqP2eCNhm 6 6
hx8Ej0GwjrLsqevXyw 4 4
xTmNqP2eCNhm 5
hx8Ej0GwjrLsqevXyw 3
xTmNqP2eCNhm 4
xTmNqP2eCNhm 3
xTmNqP2eCNhm 2
xTmNqP2eCNhm 1
hx8Ej0GwjrLsqevXyw 2
hx8Ej0GwjrLsqevXyw 1
hx8Ej0GwjrLsqevXyw 0
hx8Ej0GwjrLsqevXya: no such parking.
hx8Ej0GwjrLsqevXyw: parking is full.
XD-AA-AX: invalid licence plate.
12-34-67: invalid licence plate.
invalid date.
invalid date.
invalid date.
invalid date.
invalid date.
invalid date.
50-78-WV: invalid vehicle entry.
xTmNqP2eCNhm 6 1
hx8Ej0GwjrLsqevXyw 4 0
