xTmNqP2eCNhmUk 10 10
8Ej0GwjrLsqevXywkxYWQhEkc 4 4
TGDUbNUzcc1oEXbAeXOR4ZtTw 9 9
TGDUbNUzcc1oEXbAeXOR4ZtTw 8
8Ej0GwjrLsqevXywkxYWQhEkc 3
xTmNqP2eCNhmUk 9
8Ej0GwjrLsqevXywkxYWQhEkc 2
8Ej0GwjrLsqevXywkxYWQhEkc 1
8Ej0GwjrLsqevXywkxYWQhEkc 0
TGDUbNUzcc1oEXbAeXOR4ZtTw 7
xTmNqP2eCNhmUk 8
TGDUbNUzcc1oEXbAeXOR4ZtTw 6
BB-UR-31 31-03-2024 01:13 31-03-2024 01:37 0.90
26-IE-07 31-03-2024 00:54 31-03-2024 01:43 1.40
xTmNqP2eCNhmUk 7
86-EV-05 31-03-2024 01:02 31-03-2024 02:11 1.60
TGDUbNUzcc1oEXbAeXOR4ZtTw 6
76-13-SW 31-03-2024 02:00 31-03-2024 02:52 1.20
xTmNqP2eCNhmUk 8
PN-52-00 31-03-2024 00:13 31-03-2024 03:07 5.80
TGDUbNUzcc1oEXbAeXOR4ZtTw 5
8Ej0GwjrLsqevXywkxYWQhEkc 1
8Ej0GwjrLsqevXywkxYWQhEkc 0
xTmNqP2eCNhmUk 7
xTmNqP2eCNhmUk 6
77-58-YI 31-03-2024 00:50 31-03-2024 04:25 7.45
8Ej0GwjrLsqevXywkxYWQhEkc 0
41-06-NV 31-03-2024 00:43 31-03-2024 05:00 9.10
GW-01-OP 31-03-2024 04:55 31-03-2024 05:27 1.05
86-NF-YM 31-03-2024 03:16 31-03-2024 05:29 4.15
QN-24-14 31-03-2024 03:44 31-03-2024 05:50 4.15
WC-JH-57 31-03-2024 00:32 31-03-2024 06:00 8.40
8Ej0GwjrLsqevXywkxYWQhEkc 3
xTmNqP2eCNhmUk 6
TGDUbNUzcc1oEXbAeXOR4ZtTw 4
81-UT-26 31-03-2024 04:00 31-03-2024 06:49 4.40
26-XR-24 31-03-2024 03:00 31-03-2024 06:57 6.00
TGDUbNUzcc1oEXbAeXOR4ZtTw 3
54-32-XM 31-03-2024 01:00 31-03-2024 07:16 16.10
8Ej0GwjrLsqevXywkxYWQhEkc 2
65-AH-RW 31-03-2024 03:56 31-03-2024 07:24 5.20
WS-LZ-61 31-03-2024 07:23 31-03-2024 07:31 0.35
41-06-NV 31-03-2024 06:47 31-03-2024 07:41 1.80
TGDUbNUzcc1oEXbAeXOR4ZtTw 4
KS-53-PQ 31-03-2024 06:29 31-03-2024 08:00 2.40
TGDUbNUzcc1oEXbAeXOR4ZtTw 3
TGDUbNUzcc1oEXbAeXOR4ZtTw 2
xTmNqP2eCNhmUk 9
26-MH-15 31-03-2024 02:26 31-03-2024 09:16 17.40
54-32-XM 31-03-2024 08:40 31-03-2024 09:32 1.80
8Ej0GwjrLsqevXywkxYWQhEkc 2
8Ej0GwjrLsqevXywkxYWQhEkc 1
GW-01-OP 31-03-2024 07:00 31-03-2024 10:00 7.00
xTmNqP2eCNhmUk 8
xTmNqP2eCNhmUk 7
KR-21-CQ 31-03-2024 00:00 31-03-2024 11:00 27.80
47-11-MD 31-03-2024 07:55 31-03-2024 11:29 8.95
86-NF-YM 31-03-2024 08:21 31-03-2024 11:44 8.30
WC-JH-57 31-03-2024 09:00 31-03-2024 11:45 4.00
EL-86-16 31-03-2024 10:43 31-03-2024 12:00 2.00
QF-22-BQ 31-03-2024 09:55 31-03-2024 12:24 4.70
TGDUbNUzcc1oEXbAeXOR4ZtTw 7
xTmNqP2eCNhmUk 8
TGDUbNUzcc1oEXbAeXOR4ZtTw 6
DK-KA-65 31-03-2024 06:25 31-03-2024 13:11 14.60
VK-IS-58 31-03-2024 10:15 31-03-2024 13:25 4.80
xTmNqP2eCNhmUk 8
87-OE-WM 31-03-2024 09:56 31-03-2024 13:49 8.00
86-NF-YM 31-03-2024 12:56 31-03-2024 14:00 1.60
84-WL-IP 31-03-2024 12:33 31-03-2024 14:21 4.40
26-IE-07 31-03-2024 13:44 31-03-2024 14:50 1.60
EU-75-PP 31-03-2024 03:11 31-03-2024 14:52 28.60
xTmNqP2eCNhmUk 9
8Ej0GwjrLsqevXywkxYWQhEkc 3
TGDUbNUzcc1oEXbAeXOR4ZtTw 7
WC-JH-57 31-03-2024 15:14 31-03-2024 15:35 0.90
8Ej0GwjrLsqevXywkxYWQhEkc 2
8Ej0GwjrLsqevXywkxYWQhEkc 1
QN-24-14 31-03-2024 15:00 31-03-2024 16:20 2.50
14-VH-WI 31-03-2024 16:00 31-03-2024 16:33 1.05
TGDUbNUzcc1oEXbAeXOR4ZtTw 7
TGDUbNUzcc1oEXbAeXOR4ZtTw 6
14-VH-WI 31-03-2024 17:12 31-03-2024 17:35 0.90
77-58-YI 31-03-2024 15:37 31-03-2024 18:00 4.70
41-06-NV 31-03-2024 14:59 31-03-2024 18:16 5.20
IR-52-11 31-03-2024 13:00 31-03-2024 18:34 14.15
HI-LY-52 31-03-2024 17:00 31-03-2024 18:57 4.40
TGDUbNUzcc1oEXbAeXOR4ZtTw 8
TGDUbNUzcc1oEXbAeXOR4ZtTw 7
EL-86-16 31-03-2024 19:00 31-03-2024 19:27 0.90
xTmNqP2eCNhmUk 9
JI-85-74 31-03-2024 19:23 31-03-2024 20:00 1.35
WM-ER-61 31-03-2024 19:42 31-03-2024 20:16 0.90
8Ej0GwjrLsqevXywkxYWQhEkc 3
TGDUbNUzcc1oEXbAeXOR4ZtTw 8
GK-14-JJ 31-03-2024 20:48 31-03-2024 21:00 0.45
TG-48-76 31-03-2024 20:21 31-03-2024 21:01 1.05
xTmNqP2eCNhmUk 9
8Ej0GwjrLsqevXywkxYWQhEkc 3
87-OE-WM 31-03-2024 21:24 31-03-2024 21:42 0.60
XD-AU-62 31-03-2024 21:30 31-03-2024 21:52 0.70
8Ej0GwjrLsqevXywkxYWQhEkc 3
GW-01-OP 31-03-2024 21:56 31-03-2024 22:00 0.35
TGDUbNUzcc1oEXbAeXOR4ZtTw 8
xTmNqP2eCNhmUk 9
SU-10-RE 31-03-2024 22:28 31-03-2024 22:50 0.90
UY-71-42 31-03-2024 22:42 31-03-2024 22:54 0.30
TGDUbNUzcc1oEXbAeXOR4ZtTw 8
xTmNqP2eCNhmUk 9
TG-48-76 31-03-2024 23:09 31-03-2024 23:18 0.30
xTmNqP2eCNhmUk 9
TGDUbNUzcc1oEXbAeXOR4ZtTw 7
81-UT-26 01-04-2024 00:00 01-04-2024 00:30 0.90
41-06-NV 31-03-2024 23:39 01-04-2024 00:44 1.60
xTmNqP2eCNhmUk 9
76-13-SW 31-03-2024 23:00 01-04-2024 01:05 5.05
47-11-MD 01-04-2024 01:00 01-04-2024 01:16 0.60
8Ej0GwjrLsqevXywkxYWQhEkc 3
TGDUbNUzcc1oEXbAeXOR4ZtTw 8
PN-52-00 01-04-2024 01:36 01-04-2024 01:53 0.70
GK-14-JJ 01-04-2024 01:45 01-04-2024 02:00 0.45
xTmNqP2eCNhmUk 9
41-06-NV 01-04-2024 02:11 01-04-2024 02:38 0.60
8Ej0GwjrLsqevXywkxYWQhEkc 3
WS-LZ-61 01-04-2024 02:47 01-04-2024 03:00 0.35
8Ej0GwjrLsqevXywkxYWQhEkc 3
86-EV-05 01-04-2024 03:12 01-04-2024 03:31 0.70
TGDUbNUzcc1oEXbAeXOR4ZtTw 8
8Ej0GwjrLsqevXywkxYWQhEkc 3
IR-52-11 01-04-2024 03:58 01-04-2024 04:30 1.35
TGDUbNUzcc1oEXbAeXOR4ZtTw 8
xTmNqP2eCNhmUk 9
84-WL-IP 01-04-2024 04:00 01-04-2024 04:57 1.40
8Ej0GwjrLsqevXywkxYWQhEkc 3
TG-48-76 01-04-2024 04:33 01-04-2024 05:26 1.20
50-UQ-21 01-04-2024 05:00 01-04-2024 05:51 1.40
8Ej0GwjrLsqevXywkxYWQhEkc 3
SU-10-RE 01-04-2024 04:31 01-04-2024 06:28 4.40
QN-24-14 01-04-2024 06:00 01-04-2024 06:56 1.40
TGDUbNUzcc1oEXbAeXOR4ZtTw 8
xTmNqP2eCNhmUk 9
TGDUbNUzcc1oEXbAeXOR4ZtTw 7
TGDUbNUzcc1oEXbAeXOR4ZtTw 6
QN-24-14 01-04-2024 07:57 01-04-2024 08:00 0.45
EL-86-16 01-04-2024 07:16 01-04-2024 08:19 1.60
SU-10-RE 01-04-2024 07:00 01-04-2024 08:20 3.10
xTmNqP2eCNhmUk 9
TGDUbNUzcc1oEXbAeXOR4ZtTw 7
50-UQ-21 01-04-2024 08:57 01-04-2024 08:58 0.45
54-32-XM 01-04-2024 07:35 01-04-2024 08:59 3.10
TGDUbNUzcc1oEXbAeXOR4ZtTw 8
8Ej0GwjrLsqevXywkxYWQhEkc 3
xTmNqP2eCNhmUk 8
QA-75-43 01-04-2024 09:00 01-04-2024 10:00 1.80
76-13-SW 01-04-2024 09:52 01-04-2024 10:26 0.90
xTmNqP2eCNhmUk 8
UY-71-42 01-04-2024 09:27 01-04-2024 11:00 3.05
87-OE-WM 01-04-2024 10:55 01-04-2024 11:12 0.60
KR-21-CQ 01-04-2024 08:48 01-04-2024 11:24 4.00
TGDUbNUzcc1oEXbAeXOR4ZtTw 8
PN-52-00 01-04-2024 11:25 01-04-2024 11:39 0.45
8Ej0GwjrLsqevXywkxYWQhEkc 3
xTmNqP2eCNhmUk 9
TGDUbNUzcc1oEXbAeXOR4ZtTw 8
TGDUbNUzcc1oEXbAeXOR4ZtTw 7
xTmNqP2eCNhmUk 8
XD-AU-62 01-04-2024 11:57 01-04-2024 12:44 1.20
QA-75-43 01-04-2024 12:17 01-04-2024 12:57 0.90
TGDUbNUzcc1oEXbAeXOR4ZtTw 6
xTmNqP2eCNhmUk 9
xTmNqP2eCNhmUk 8
BB-UR-31 01-04-2024 13:34 01-04-2024 14:00 0.60
26-MH-15 01-04-2024 13:20 01-04-2024 14:20 1.20
8Ej0GwjrLsqevXywkxYWQhEkc 2
EU-75-PP 01-04-2024 14:44 01-04-2024 15:00 0.70
14-07-KQ 01-04-2024 11:49 01-04-2024 15:17 6.90
8Ej0GwjrLsqevXywkxYWQhEkc 3
TG-48-76 01-04-2024 15:46 01-04-2024 16:00 0.35
GK-14-JJ 01-04-2024 13:00 01-04-2024 16:13 7.65
8Ej0GwjrLsqevXywkxYWQhEkc 3
8Ej0GwjrLsqevXywkxYWQhEkc 2
TGDUbNUzcc1oEXbAeXOR4ZtTw 6
xTmNqP2eCNhmUk 9
TGDUbNUzcc1oEXbAeXOR4ZtTw 5
IR-52-11 01-04-2024 17:22 01-04-2024 17:29 0.45
HI-LY-52 01-04-2024 17:04 01-04-2024 17:53 1.80
26-IE-07 01-04-2024 12:00 01-04-2024 18:00 14.80
KS-53-PQ 01-04-2024 17:00 01-04-2024 18:03 1.95
TGDUbNUzcc1oEXbAeXOR4ZtTw 7
TGDUbNUzcc1oEXbAeXOR4ZtTw 6
26-IE-07 01-04-2024 18:39 01-04-2024 18:56 0.90
xTmNqP2eCNhmUk 8
xTmNqP2eCNhmUk 7
50-UQ-21 01-04-2024 18:13 01-04-2024 19:16 2.45
xTmNqP2eCNhmUk 6
8Ej0GwjrLsqevXywkxYWQhEkc 2
55-67-GP 01-04-2024 12:01 01-04-2024 19:38 19.35
xTmNqP2eCNhmUk 5
xTmNqP2eCNhmUk 4
TGDUbNUzcc1oEXbAeXOR4ZtTw 8
84-WL-IP 01-04-2024 19:01 01-04-2024 20:17 2.00
TGDUbNUzcc1oEXbAeXOR4ZtTw 7
TGDUbNUzcc1oEXbAeXOR4ZtTw 6
XD-AU-62 01-04-2024 20:35 01-04-2024 20:59 0.90
TG-48-76 01-04-2024 19:28 01-04-2024 21:00 3.05
47-11-MD 01-04-2024 16:35 01-04-2024 21:12 9.65
TGDUbNUzcc1oEXbAeXOR4ZtTw 6
8Ej0GwjrLsqevXywkxYWQhEkc 3
xTmNqP2eCNhmUk 4
77-58-YI 01-04-2024 19:00 01-04-2024 22:00 4.40
14-VH-WI 01-04-2024 21:28 01-04-2024 22:11 1.35
68-YO-44 01-04-2024 21:42 01-04-2024 22:23 0.90
8Ej0GwjrLsqevXywkxYWQhEkc 2
TGDUbNUzcc1oEXbAeXOR4ZtTw 6
TGDUbNUzcc1oEXbAeXOR4ZtTw 5
xTmNqP2eCNhmUk 5
8Ej0GwjrLsqevXywkxYWQhEkc 1
8Ej0GwjrLsqevXywkxYWQhEkc 0
TGDUbNUzcc1oEXbAeXOR4ZtTw 4
xTmNqP2eCNhmUk 4
TGDUbNUzcc1oEXbAeXOR4ZtTw 3
TGDUbNUzcc1oEXbAeXOR4ZtTw 2
14-07-KQ 01-04-2024 23:01 02-04-2024 01:30 5.70
TGDUbNUzcc1oEXbAeXOR4ZtTw 2
TGDUbNUzcc1oEXbAeXOR4ZtTw 1
xTmNqP2eCNhmUk 3
xTmNqP2eCNhmUk 10 3
8Ej0GwjrLsqevXywkxYWQhEkc 4 0
TGDUbNUzcc1oEXbAeXOR4ZtTw 9 1
86-EV-05 02:11 1.60
76-13-SW 02:52 1.20
WC-JH-57 06:00 8.40
81-UT-26 06:49 4.40
26-XR-24 06:57 6.00
65-AH-RW 07:24 5.20
KS-53-PQ 08:00 2.40
WC-JH-57 11:45 4.00
EL-86-16 12:00 2.00
VK-IS-58 13:25 4.80
86-NF-YM 14:00 1.60
26-IE-07 14:50 1.60
41-06-NV 18:16 5.20
WM-ER-61 20:16 0.90
87-OE-WM 21:42 0.60
UY-71-42 22:54 0.30
TG-48-76 23:18 0.30
26-IE-07 01:43 1.40
PN-52-00 03:07 5.80
77-58-YI 04:25 7.45
41-06-NV 05:00 9.10
GW-01-OP 05:27 1.05
86-NF-YM 05:29 4.15
QN-24-14 05:50 4.15
WS-LZ-61 07:31 0.35
QF-22-BQ 12:24 4.70
DK-KA-65 13:11 14.60
87-OE-WM 13:49 8.00
QN-24-14 16:20 2.50
14-VH-WI 16:33 1.05
77-58-YI 18:00 4.70
TG-48-76 21:01 1.05
XD-AU-62 21:52 0.70
GW-01-OP 22:00 0.35
BB-UR-31 01:37 0.90
54-32-XM 07:16 16.10
41-06-NV 07:41 1.80
26-MH-15 09:16 17.40
54-32-XM 09:32 1.80
GW-01-OP 10:00 7.00
KR-21-CQ 11:00 27.80
47-11-MD 11:29 8.95
86-NF-YM 11:44 8.30
84-WL-IP 14:21 4.40
EU-75-PP 14:52 28.60
WC-JH-57 15:35 0.90
14-VH-WI 17:35 0.90
IR-52-11 18:34 14.15
HI-LY-52 18:57 4.40
EL-86-16 19:27 0.90
JI-85-74 20:00 1.35
GK-14-JJ 21:00 0.45
SU-10-RE 22:50 0.90
41-06-NV 00:44 1.60
47-11-MD 01:16 0.60
41-06-NV 02:38 0.60
TG-48-76 05:26 1.20
EL-86-16 08:19 1.60
76-13-SW 10:26 0.90
87-OE-WM 11:12 0.60
KR-21-CQ 11:24 4.00
XD-AU-62 12:44 1.20
QA-75-43 12:57 0.90
BB-UR-31 14:00 0.60
26-MH-15 14:20 1.20
84-WL-IP 20:17 2.00
77-58-YI 22:00 4.40
68-YO-44 22:23 0.90
PN-52-00 01:53 0.70
WS-LZ-61 03:00 0.35
86-EV-05 03:31 0.70
84-WL-IP 04:57 1.40
50-UQ-21 05:51 1.40
QN-24-14 06:56 1.40
UY-71-42 11:00 3.05
EU-75-PP 15:00 0.70
14-07-KQ 15:17 6.90
TG-48-76 16:00 0.35
KS-53-PQ 18:03 1.95
TG-48-76 21:00 3.05
47-11-MD 21:12 9.65
81-UT-26 00:30 0.90
76-13-SW 01:05 5.05
GK-14-JJ 02:00 0.45
IR-52-11 04:30 1.35
SU-10-RE 06:28 4.40
QN-24-14 08:00 0.45
SU-10-RE 08:20 3.10
50-UQ-21 08:58 0.45
54-32-XM 08:59 3.10
QA-75-43 10:00 1.80
PN-52-00 11:39 0.45
GK-14-JJ 16:13 7.65
IR-52-11 17:29 0.45
HI-LY-52 17:53 1.80
26-IE-07 18:00 14.80
26-IE-07 18:56 0.90
50-UQ-21 19:16 2.45
55-67-GP 19:38 19.35
XD-AU-62 20:59 0.90
14-VH-WI 22:11 1.35
14-07-KQ 01:30 5.70
