xTmNqP2eCNhmUk 10 10
8Ej0GwjrLsqevXywkxYWQhEkc 4 4
TGDUbNUzcc1oEXbAeXOR4ZtTw 9 9
TGDUbNUzcc1oEXbAeXOR4ZtTw 8
8Ej0GwjrLsqevXywkxYWQhEkc 3
xTmNqP2eCNhmUk 9
8Ej0GwjrLsqevXywkxYWQhEkc 2
8Ej0GwjrLsqevXywkxYWQhEkc 1
8Ej0GwjrLsqevXywkxYWQhEkc 0
TGDUbNUzcc1oEXbAeXOR4ZtTw 7
xTmNqP2eCNhmUk 8
TGDUbNUzcc1oEXbAeXOR4ZtTw 6
BB-UR-31 31-03-2024 02:00 31-03-2024 02:39 1.35
26-IE-07 31-03-2024 01:17 31-03-2024 02:40 2.50
xTmNqP2eCNhmUk 7
86-EV-05 31-03-2024 01:53 31-03-2024 03:00 1.60
TGDUbNUzcc1oEXbAeXOR4ZtTw 6
76-13-SW 31-03-2024 02:45 31-03-2024 03:47 1.60
xTmNqP2eCNhmUk 8
PN-52-00 31-03-2024 00:21 31-03-2024 04:00 7.45
TGDUbNUzcc1oEXbAeXOR4ZtTw 5
8Ej0GwjrLsqevXywkxYWQhEkc 1
8Ej0GwjrLsqevXywkxYWQhEkc 0
xTmNqP2eCNhmUk 7
xTmNqP2eCNhmUk 6
77-58-YI 31-03-2024 01:11 31-03-2024 06:00 10.20
8Ej0GwjrLsqevXywkxYWQhEkc 0
41-06-NV 31-03-2024 01:00 31-03-2024 06:39 11.85
GW-01-OP 31-03-2024 06:05 31-03-2024 06:44 1.05
86-NF-YM 31-03-2024 04:10 31-03-2024 06:45 5.25
QN-24-14 31-03-2024 04:56 31-03-2024 06:49 3.60
WC-JH-57 31-03-2024 00:53 31-03-2024 06:51 9.20
8Ej0GwjrLsqevXywkxYWQhEkc 3
xTmNqP2eCNhmUk 6
TGDUbNUzcc1oEXbAeXOR4ZtTw 4
81-UT-26 31-03-2024 05:29 31-03-2024 07:33 3.20
26-XR-24 31-03-2024 03:52 31-03-2024 07:35 5.60
TGDUbNUzcc1oEXbAeXOR4ZtTw 3
54-32-XM 31-03-2024 01:50 31-03-2024 08:00 15.45
8Ej0GwjrLsqevXywkxYWQhEkc 2
65-AH-RW 31-03-2024 05:00 31-03-2024 08:03 4.80
WS-LZ-61 31-03-2024 08:02 31-03-2024 08:05 0.35
41-06-NV 31-03-2024 07:30 31-03-2024 08:07 1.35
TGDUbNUzcc1oEXbAeXOR4ZtTw 4
KS-53-PQ 31-03-2024 07:00 31-03-2024 08:21 2.00
TGDUbNUzcc1oEXbAeXOR4ZtTw 3
TGDUbNUzcc1oEXbAeXOR4ZtTw 2
xTmNqP2eCNhmUk 9
26-MH-15 31-03-2024 03:03 31-03-2024 09:26 16.10
54-32-XM 31-03-2024 08:56 31-03-2024 09:29 1.35
8Ej0GwjrLsqevXywkxYWQhEkc 2
8Ej0GwjrLsqevXywkxYWQhEkc 1
GW-01-OP 31-03-2024 07:38 31-03-2024 10:00 5.70
xTmNqP2eCNhmUk 8
xTmNqP2eCNhmUk 7
KR-21-CQ 31-03-2024 00:00 31-03-2024 11:00 27.80
47-11-MD 31-03-2024 08:10 31-03-2024 11:05 7.00
86-NF-YM 31-03-2024 08:25 31-03-2024 11:08 6.35
WC-JH-57 31-03-2024 09:00 31-03-2024 11:09 3.20
EL-86-16 31-03-2024 10:50 31-03-2024 11:13 0.60
QF-22-BQ 31-03-2024 09:33 31-03-2024 11:17 3.05
TGDUbNUzcc1oEXbAeXOR4ZtTw 7
xTmNqP2eCNhmUk 8
TGDUbNUzcc1oEXbAeXOR4ZtTw 6
DK-KA-65 31-03-2024 06:56 31-03-2024 12:18 11.30
VK-IS-58 31-03-2024 10:03 31-03-2024 12:21 3.60
xTmNqP2eCNhmUk 8
87-OE-WM 31-03-2024 09:35 31-03-2024 12:32 5.80
86-NF-YM 31-03-2024 11:57 31-03-2024 12:37 0.90
84-WL-IP 31-03-2024 11:19 31-03-2024 12:41 3.10
26-IE-07 31-03-2024 12:25 31-03-2024 12:46 0.60
EU-75-PP 31-03-2024 04:01 31-03-2024 12:47 22.60
xTmNqP2eCNhmUk 9
8Ej0GwjrLsqevXywkxYWQhEkc 3
TGDUbNUzcc1oEXbAeXOR4ZtTw 7
WC-JH-57 31-03-2024 13:24 31-03-2024 13:59 1.35
8Ej0GwjrLsqevXywkxYWQhEkc 2
8Ej0GwjrLsqevXywkxYWQhEkc 1
QN-24-14 31-03-2024 13:00 31-03-2024 15:00 3.60
14-VH-WI 31-03-2024 14:47 31-03-2024 15:03 0.70
TGDUbNUzcc1oEXbAeXOR4ZtTw 7
TGDUbNUzcc1oEXbAeXOR4ZtTw 6
14-VH-WI 31-03-2024 15:28 31-03-2024 16:00 1.35
77-58-YI 31-03-2024 14:00 31-03-2024 16:05 4.15
41-06-NV 31-03-2024 12:49 31-03-2024 16:08 5.20
IR-52-11 31-03-2024 12:00 31-03-2024 16:11 10.25
HI-LY-52 31-03-2024 15:08 31-03-2024 16:15 2.45
TGDUbNUzcc1oEXbAeXOR4ZtTw 8
TGDUbNUzcc1oEXbAeXOR4ZtTw 7
EL-86-16 31-03-2024 16:16 31-03-2024 16:59 1.35
xTmNqP2eCNhmUk 9
JI-85-74 31-03-2024 16:53 31-03-2024 17:33 1.35
WM-ER-61 31-03-2024 17:00 31-03-2024 17:36 0.90
8Ej0GwjrLsqevXywkxYWQhEkc 3
TGDUbNUzcc1oEXbAeXOR4ZtTw 8
GK-14-JJ 31-03-2024 18:00 31-03-2024 18:42 1.35
TG-48-76 31-03-2024 17:37 31-03-2024 18:43 1.95
xTmNqP2eCNhmUk 9
8Ej0GwjrLsqevXywkxYWQhEkc 3
87-OE-WM 31-03-2024 18:47 31-03-2024 19:00 0.30
XD-AU-62 31-03-2024 18:56 31-03-2024 19:02 0.35
8Ej0GwjrLsqevXywkxYWQhEkc 3
GW-01-OP 31-03-2024 19:03 31-03-2024 19:17 0.35
TGDUbNUzcc1oEXbAeXOR4ZtTw 8
xTmNqP2eCNhmUk 9
SU-10-RE 31-03-2024 19:22 31-03-2024 19:59 1.35
UY-71-42 31-03-2024 19:46 31-03-2024 20:00 0.30
TGDUbNUzcc1oEXbAeXOR4ZtTw 8
xTmNqP2eCNhmUk 9
TG-48-76 31-03-2024 20:18 31-03-2024 20:33 0.30
xTmNqP2eCNhmUk 9
TGDUbNUzcc1oEXbAeXOR4ZtTw 7
81-UT-26 31-03-2024 21:00 31-03-2024 21:50 1.80
41-06-NV 31-03-2024 20:37 31-03-2024 21:53 2.00
xTmNqP2eCNhmUk 9
76-13-SW 31-03-2024 20:03 31-03-2024 22:00 4.40
47-11-MD 31-03-2024 21:57 31-03-2024 22:02 0.30
8Ej0GwjrLsqevXywkxYWQhEkc 3
TGDUbNUzcc1oEXbAeXOR4ZtTw 8
PN-52-00 31-03-2024 22:06 31-03-2024 22:32 0.70
GK-14-JJ 31-03-2024 22:20 31-03-2024 22:34 0.45
xTmNqP2eCNhmUk 9
41-06-NV 31-03-2024 22:36 31-03-2024 23:00 0.60
8Ej0GwjrLsqevXywkxYWQhEkc 3
WS-LZ-61 31-03-2024 23:02 31-03-2024 23:45 1.05
8Ej0GwjrLsqevXywkxYWQhEkc 3
86-EV-05 31-03-2024 23:47 01-04-2024 00:00 0.35
TGDUbNUzcc1oEXbAeXOR4ZtTw 8
8Ej0GwjrLsqevXywkxYWQhEkc 3
IR-52-11 01-04-2024 00:05 01-04-2024 01:00 1.80
TGDUbNUzcc1oEXbAeXOR4ZtTw 8
xTmNqP2eCNhmUk 9
84-WL-IP 01-04-2024 00:25 01-04-2024 01:42 2.50
8Ej0GwjrLsqevXywkxYWQhEkc 3
TG-48-76 01-04-2024 01:03 01-04-2024 02:00 1.20
50-UQ-21 01-04-2024 01:45 01-04-2024 02:05 0.70
8Ej0GwjrLsqevXywkxYWQhEkc 3
SU-10-RE 01-04-2024 01:01 01-04-2024 02:57 4.40
QN-24-14 01-04-2024 02:10 01-04-2024 03:00 1.40
TGDUbNUzcc1oEXbAeXOR4ZtTw 8
xTmNqP2eCNhmUk 9
TGDUbNUzcc1oEXbAeXOR4ZtTw 7
TGDUbNUzcc1oEXbAeXOR4ZtTw 6
QN-24-14 01-04-2024 04:37 01-04-2024 05:00 0.90
EL-86-16 01-04-2024 03:31 01-04-2024 05:04 2.40
SU-10-RE 01-04-2024 03:05 01-04-2024 05:05 4.40
xTmNqP2eCNhmUk 9
TGDUbNUzcc1oEXbAeXOR4ZtTw 7
50-UQ-21 01-04-2024 05:25 01-04-2024 05:26 0.45
54-32-XM 01-04-2024 04:00 01-04-2024 05:27 3.10
TGDUbNUzcc1oEXbAeXOR4ZtTw 8
8Ej0GwjrLsqevXywkxYWQhEkc 3
xTmNqP2eCNhmUk 8
QA-75-43 01-04-2024 05:31 01-04-2024 07:00 3.10
76-13-SW 01-04-2024 06:42 01-04-2024 07:05 0.60
xTmNqP2eCNhmUk 8
UY-71-42 01-04-2024 06:00 01-04-2024 07:29 2.50
87-OE-WM 01-04-2024 07:10 01-04-2024 07:31 0.60
KR-21-CQ 01-04-2024 05:10 01-04-2024 07:33 3.60
TGDUbNUzcc1oEXbAeXOR4ZtTw 8
PN-52-00 01-04-2024 07:34 01-04-2024 07:58 0.90
8Ej0GwjrLsqevXywkxYWQhEkc 3
xTmNqP2eCNhmUk 9
TGDUbNUzcc1oEXbAeXOR4ZtTw 8
TGDUbNUzcc1oEXbAeXOR4ZtTw 7
xTmNqP2eCNhmUk 8
XD-AU-62 01-04-2024 08:13 01-04-2024 09:00 1.20
QA-75-43 01-04-2024 08:52 01-04-2024 09:03 0.30
TGDUbNUzcc1oEXbAeXOR4ZtTw 6
xTmNqP2eCNhmUk 9
xTmNqP2eCNhmUk 8
BB-UR-31 01-04-2024 10:00 01-04-2024 10:44 0.90
26-MH-15 01-04-2024 09:37 01-04-2024 10:48 1.60
8Ej0GwjrLsqevXywkxYWQhEkc 2
EU-75-PP 01-04-2024 10:52 01-04-2024 11:00 0.35
14-07-KQ 01-04-2024 08:00 01-04-2024 11:03 6.35
8Ej0GwjrLsqevXywkxYWQhEkc 3
TG-48-76 01-04-2024 11:08 01-04-2024 11:48 1.05
GK-14-JJ 01-04-2024 09:04 01-04-2024 11:51 7.00
8Ej0GwjrLsqevXywkxYWQhEkc 3
8Ej0GwjrLsqevXywkxYWQhEkc 2
TGDUbNUzcc1oEXbAeXOR4ZtTw 6
xTmNqP2eCNhmUk 9
TGDUbNUzcc1oEXbAeXOR4ZtTw 5
IR-52-11 01-04-2024 12:37 01-04-2024 12:48 0.45
HI-LY-52 01-04-2024 12:07 01-04-2024 12:52 1.35
26-IE-07 01-04-2024 08:24 01-04-2024 12:54 10.90
KS-53-PQ 01-04-2024 12:00 01-04-2024 12:55 1.40
TGDUbNUzcc1oEXbAeXOR4ZtTw 7
TGDUbNUzcc1oEXbAeXOR4ZtTw 6
26-IE-07 01-04-2024 13:00 01-04-2024 13:28 0.90
xTmNqP2eCNhmUk 8
xTmNqP2eCNhmUk 7
50-UQ-21 01-04-2024 12:57 01-04-2024 13:55 1.80
xTmNqP2eCNhmUk 6
8Ej0GwjrLsqevXywkxYWQhEkc 2
55-67-GP 01-04-2024 08:25 01-04-2024 14:17 14.80
xTmNqP2eCNhmUk 5
xTmNqP2eCNhmUk 4
TGDUbNUzcc1oEXbAeXOR4ZtTw 8
84-WL-IP 01-04-2024 13:31 01-04-2024 15:29 2.80
TGDUbNUzcc1oEXbAeXOR4ZtTw 7
TGDUbNUzcc1oEXbAeXOR4ZtTw 6
XD-AU-62 01-04-2024 15:32 01-04-2024 16:00 0.90
TG-48-76 01-04-2024 14:00 01-04-2024 16:02 4.15
47-11-MD 01-04-2024 11:55 01-04-2024 16:04 8.55
TGDUbNUzcc1oEXbAeXOR4ZtTw 6
8Ej0GwjrLsqevXywkxYWQhEkc 3
xTmNqP2eCNhmUk 4
77-58-YI 01-04-2024 13:29 01-04-2024 17:00 5.60
14-VH-WI 01-04-2024 16:07 01-04-2024 17:02 1.80
68-YO-44 01-04-2024 16:31 01-04-2024 17:04 0.90
8Ej0GwjrLsqevXywkxYWQhEkc 2
TGDUbNUzcc1oEXbAeXOR4ZtTw 6
TGDUbNUzcc1oEXbAeXOR4ZtTw 5
xTmNqP2eCNhmUk 5
8Ej0GwjrLsqevXywkxYWQhEkc 1
8Ej0GwjrLsqevXywkxYWQhEkc 0
TGDUbNUzcc1oEXbAeXOR4ZtTw 4
xTmNqP2eCNhmUk 4
TGDUbNUzcc1oEXbAeXOR4ZtTw 3
TGDUbNUzcc1oEXbAeXOR4ZtTw 2
14-07-KQ 01-04-2024 17:52 01-04-2024 20:49 7.00
TGDUbNUzcc1oEXbAeXOR4ZtTw 2
TGDUbNUzcc1oEXbAeXOR4ZtTw 1
xTmNqP2eCNhmUk 3
xTmNqP2eCNhmUk 10 3
8Ej0GwjrLsqevXywkxYWQhEkc 4 0
TGDUbNUzcc1oEXbAeXOR4ZtTw 9 1
8Ej0GwjrLsqevXywkxYWQhEkc 31-03-2024 23:47 01-04-2024 00:00
xTmNqP2eCNhmUk 31-03-2024 01:53 31-03-2024 03:00
8Ej0GwjrLsqevXywkxYWQhEkc 31-03-2024 09:33 31-03-2024 11:17
8Ej0GwjrLsqevXywkxYWQhEkc 31-03-2024 04:56 31-03-2024 06:49
8Ej0GwjrLsqevXywkxYWQhEkc 31-03-2024 13:00 31-03-2024 15:00
8Ej0GwjrLsqevXywkxYWQhEkc 01-04-2024 02:10 01-04-2024 03:00
TGDUbNUzcc1oEXbAeXOR4ZtTw 01-04-2024 04:37 01-04-2024 05:00
8Ej0GwjrLsqevXywkxYWQhEkc 01-04-2024 00:25 01-04-2024 01:42
TGDUbNUzcc1oEXbAeXOR4ZtTw 31-03-2024 11:19 31-03-2024 12:41
TGDUbNUzcc1oEXbAeXOR4ZtTw 01-04-2024 21:00
xTmNqP2eCNhmUk 01-04-2024 13:31 01-04-2024 15:29
TGDUbNUzcc1oEXbAeXOR4ZtTw 31-03-2024 03:03 31-03-2024 09:26
TGDUbNUzcc1oEXbAeXOR4ZtTw 01-04-2024 20:52
xTmNqP2eCNhmUk 01-04-2024 09:37 01-04-2024 10:48
8Ej0GwjrLsqevXywkxYWQhEkc 01-04-2024 12:00 01-04-2024 12:55
xTmNqP2eCNhmUk 31-03-2024 07:00 31-03-2024 08:21
xTmNqP2eCNhmUk 31-03-2024 03:52 31-03-2024 07:35
8Ej0GwjrLsqevXywkxYWQhEkc 31-03-2024 06:05 31-03-2024 06:44
8Ej0GwjrLsqevXywkxYWQhEkc 31-03-2024 19:03 31-03-2024 19:17
TGDUbNUzcc1oEXbAeXOR4ZtTw 31-03-2024 07:38 31-03-2024 10:00
8Ej0GwjrLsqevXywkxYWQhEkc 31-03-2024 01:17 31-03-2024 02:40
TGDUbNUzcc1oEXbAeXOR4ZtTw 01-04-2024 08:24 01-04-2024 12:54
TGDUbNUzcc1oEXbAeXOR4ZtTw 01-04-2024 13:00 01-04-2024 13:28
TGDUbNUzcc1oEXbAeXOR4ZtTw 01-04-2024 15:34
xTmNqP2eCNhmUk 31-03-2024 12:25 31-03-2024 12:46
TGDUbNUzcc1oEXbAeXOR4ZtTw 31-03-2024 16:16 31-03-2024 16:59
xTmNqP2eCNhmUk 31-03-2024 10:50 31-03-2024 11:13
xTmNqP2eCNhmUk 01-04-2024 03:31 01-04-2024 05:04
8Ej0GwjrLsqevXywkxYWQhEkc 01-04-2024 06:00 01-04-2024 07:29
TGDUbNUzcc1oEXbAeXOR4ZtTw 01-04-2024 15:00
xTmNqP2eCNhmUk 31-03-2024 19:46 31-03-2024 20:00
8Ej0GwjrLsqevXywkxYWQhEkc 31-03-2024 09:35 31-03-2024 12:32
xTmNqP2eCNhmUk 31-03-2024 18:47 31-03-2024 19:00
xTmNqP2eCNhmUk 01-04-2024 07:10 01-04-2024 07:31
xTmNqP2eCNhmUk 31-03-2024 17:00 31-03-2024 17:36
xTmNqP2eCNhmUk 01-04-2024 14:22
8Ej0GwjrLsqevXywkxYWQhEkc 01-04-2024 11:55 01-04-2024 16:04
TGDUbNUzcc1oEXbAeXOR4ZtTw 31-03-2024 08:10 31-03-2024 11:05
xTmNqP2eCNhmUk 31-03-2024 21:57 31-03-2024 22:02
TGDUbNUzcc1oEXbAeXOR4ZtTw 31-03-2024 16:53 31-03-2024 17:33
TGDUbNUzcc1oEXbAeXOR4ZtTw 31-03-2024 00:00 31-03-2024 11:00
xTmNqP2eCNhmUk 01-04-2024 05:10 01-04-2024 07:33
TGDUbNUzcc1oEXbAeXOR4ZtTw 31-03-2024 15:08 31-03-2024 16:15
TGDUbNUzcc1oEXbAeXOR4ZtTw 01-04-2024 12:07 01-04-2024 12:52
TGDUbNUzcc1oEXbAeXOR4ZtTw 01-04-2024 19:00
TGDUbNUzcc1oEXbAeXOR4ZtTw 01-04-2024 20:27
xTmNqP2eCNhmUk 31-03-2024 10:03 31-03-2024 12:21
8Ej0GwjrLsqevXywkxYWQhEkc 31-03-2024 18:56 31-03-2024 19:02
TGDUbNUzcc1oEXbAeXOR4ZtTw 01-04-2024 15:32 01-04-2024 16:00
xTmNqP2eCNhmUk 01-04-2024 08:13 01-04-2024 09:00
8Ej0GwjrLsqevXywkxYWQhEkc 31-03-2024 08:02 31-03-2024 08:05
8Ej0GwjrLsqevXywkxYWQhEkc 31-03-2024 23:02 31-03-2024 23:45
8Ej0GwjrLsqevXywkxYWQhEkc 01-04-2024 16:14
TGDUbNUzcc1oEXbAeXOR4ZtTw 31-03-2024 13:24 31-03-2024 13:59
xTmNqP2eCNhmUk 31-03-2024 00:53 31-03-2024 06:51
xTmNqP2eCNhmUk 31-03-2024 09:00 31-03-2024 11:09
xTmNqP2eCNhmUk 01-04-2024 12:35
8Ej0GwjrLsqevXywkxYWQhEkc 01-04-2024 18:59
TGDUbNUzcc1oEXbAeXOR4ZtTw 31-03-2024 02:00 31-03-2024 02:39
xTmNqP2eCNhmUk 01-04-2024 10:00 01-04-2024 10:44
TGDUbNUzcc1oEXbAeXOR4ZtTw 31-03-2024 01:50 31-03-2024 08:00
TGDUbNUzcc1oEXbAeXOR4ZtTw 31-03-2024 08:56 31-03-2024 09:29
TGDUbNUzcc1oEXbAeXOR4ZtTw 01-04-2024 04:00 01-04-2024 05:27
8Ej0GwjrLsqevXywkxYWQhEkc 31-03-2024 00:21 31-03-2024 04:00
8Ej0GwjrLsqevXywkxYWQhEkc 31-03-2024 22:06 31-03-2024 22:32
TGDUbNUzcc1oEXbAeXOR4ZtTw 01-04-2024 07:34 01-04-2024 07:58
TGDUbNUzcc1oEXbAeXOR4ZtTw 01-04-2024 17:51
8Ej0GwjrLsqevXywkxYWQhEkc 31-03-2024 14:47 31-03-2024 15:03
TGDUbNUzcc1oEXbAeXOR4ZtTw 31-03-2024 15:28 31-03-2024 16:00
TGDUbNUzcc1oEXbAeXOR4ZtTw 01-04-2024 16:07 01-04-2024 17:02
8Ej0GwjrLsqevXywkxYWQhEkc 01-04-2024 01:45 01-04-2024 02:05
TGDUbNUzcc1oEXbAeXOR4ZtTw 01-04-2024 05:25 01-04-2024 05:26
TGDUbNUzcc1oEXbAeXOR4ZtTw 01-04-2024 12:57 01-04-2024 13:55
xTmNqP2eCNhmUk 01-04-2024 14:18
PC-76-KI: no entries found in any parking.
TGDUbNUzcc1oEXbAeXOR4ZtTw 31-03-2024 18:00 31-03-2024 18:42
TGDUbNUzcc1oEXbAeXOR4ZtTw 31-03-2024 22:20 31-03-2024 22:34
TGDUbNUzcc1oEXbAeXOR4ZtTw 01-04-2024 09:04 01-04-2024 11:51
8Ej0GwjrLsqevXywkxYWQhEkc 31-03-2024 17:37 31-03-2024 18:43
8Ej0GwjrLsqevXywkxYWQhEkc 01-04-2024 11:08 01-04-2024 11:48
8Ej0GwjrLsqevXywkxYWQhEkc 01-04-2024 14:00 01-04-2024 16:02
xTmNqP2eCNhmUk 31-03-2024 20:18 31-03-2024 20:33
xTmNqP2eCNhmUk 01-04-2024 01:03 01-04-2024 02:00
xTmNqP2eCNhmUk 01-04-2024 19:20
TGDUbNUzcc1oEXbAeXOR4ZtTw 01-04-2024 05:31 01-04-2024 07:00
xTmNqP2eCNhmUk 01-04-2024 08:52 01-04-2024 09:03
TGDUbNUzcc1oEXbAeXOR4ZtTw 31-03-2024 19:22 31-03-2024 19:59
TGDUbNUzcc1oEXbAeXOR4ZtTw 01-04-2024 01:01 01-04-2024 02:57
TGDUbNUzcc1oEXbAeXOR4ZtTw 01-04-2024 03:05 01-04-2024 05:05
xTmNqP2eCNhmUk 31-03-2024 05:00 31-03-2024 08:03
TGDUbNUzcc1oEXbAeXOR4ZtTw 31-03-2024 12:00 31-03-2024 16:11
TGDUbNUzcc1oEXbAeXOR4ZtTw 01-04-2024 00:05 01-04-2024 01:00
TGDUbNUzcc1oEXbAeXOR4ZtTw 01-04-2024 12:37 01-04-2024 12:48
TGDUbNUzcc1oEXbAeXOR4ZtTw 31-03-2024 20:03 31-03-2024 22:00
xTmNqP2eCNhmUk 31-03-2024 02:45 31-03-2024 03:47
xTmNqP2eCNhmUk 01-04-2024 06:42 01-04-2024 07:05
xTmNqP2eCNhmUk 01-04-2024 16:31 01-04-2024 17:04
xTmNqP2eCNhmUk 01-04-2024 21:29
8Ej0GwjrLsqevXywkxYWQhEkc 31-03-2024 01:11 31-03-2024 06:00
8Ej0GwjrLsqevXywkxYWQhEkc 31-03-2024 14:00 31-03-2024 16:05
xTmNqP2eCNhmUk 01-04-2024 13:29 01-04-2024 17:00
xTmNqP2eCNhmUk 01-04-2024 18:00
TGDUbNUzcc1oEXbAeXOR4ZtTw 01-04-2024 08:25 01-04-2024 14:17
TGDUbNUzcc1oEXbAeXOR4ZtTw 01-04-2024 20:00
8Ej0GwjrLsqevXywkxYWQhEkc 01-04-2024 10:52 01-04-2024 11:00
TGDUbNUzcc1oEXbAeXOR4ZtTw 31-03-2024 04:01 31-03-2024 12:47
8Ej0GwjrLsqevXywkxYWQhEkc 31-03-2024 01:00 31-03-2024 06:39
TGDUbNUzcc1oEXbAeXOR4ZtTw 31-03-2024 07:30 31-03-2024 08:07
xTmNqP2eCNhmUk 31-03-2024 12:49 31-03-2024 16:08
xTmNqP2eCNhmUk 31-03-2024 20:37 31-03-2024 21:53
xTmNqP2eCNhmUk 31-03-2024 22:36 31-03-2024 23:00
8Ej0GwjrLsqevXywkxYWQhEkc 01-04-2024 08:00 01-04-2024 11:03
TGDUbNUzcc1oEXbAeXOR4ZtTw 01-04-2024 17:52 01-04-2024 20:49
8Ej0GwjrLsqevXywkxYWQhEkc 31-03-2024 06:56 31-03-2024 12:18
xTmNqP2eCNhmUk 01-04-2024 13:57
8Ej0GwjrLsqevXywkxYWQhEkc 01-04-2024 17:08
8Ej0GwjrLsqevXywkxYWQhEkc 31-03-2024 04:10 31-03-2024 06:45
8Ej0GwjrLsqevXywkxYWQhEkc 01-04-2024 18:32
TGDUbNUzcc1oEXbAeXOR4ZtTw 31-03-2024 08:25 31-03-2024 11:08
xTmNqP2eCNhmUk 31-03-2024 11:57 31-03-2024 12:37
TGDUbNUzcc1oEXbAeXOR4ZtTw 31-03-2024 21:00 31-03-2024 21:50
xTmNqP2eCNhmUk 31-03-2024 05:29 31-03-2024 07:33
