xTmNqP2eCNhm 6 6
hx8Ej0GwjrLsqevXyw 4 4
FdlUFOXMyTGDUbNUz 5 5
xTmNqP2eCNhm 5
hx8Ej0GwjrLsqevXyw 3
FdlUFOXMyTGDUbNUz 4
FdlUFOXMyTGDUbNUz 3
xTmNqP2eCNhm 4
hx8Ej0GwjrLsqevXyw 2
FdlUFOXMyTGDUbNUz 2
xTmNqP2eCNhm 3
FdlUFOXMyTGDUbNUz 1
xTmNqP2eCNhm 2
FdlUFOXMyTGDUbNUz 0
xTmNqP2eCNhm 1
hx8Ej0GwjrLsqevXyw 1
hx8Ej0GwjrLsqevXyw 0
xTmNqP2eCNhm 0
xTmNqP2eCNhm 6 0
hx8Ej0GwjrLsqevXyw 4 0
FdlUFOXMyTGDUbNUz 5 0
