xTmNqP2eCNhmUkJbcxAGwjrLsqevXywkxYWQhEkcTrjPTe 5 5
Uq10o1d7  EjR Zq wxEQSBns lAgHbqqfg2CrIVYdyUxeMEPeDxmpCI3 6 6
WOGzK CLM0v   l pmqb FWavP fGO Txi4nuBs0wwerSyyuzpuErqan VDApb FmyNmLgKexcpOI xMz 3 3
HqHe E c3GAj4iBrhb P YeyfaNqiR ig4vJ   vECcMPcHTt SiJ piALACx0cspj7wnr DtCHyy wvPh JccJbrFDFE8 4 4
8fmkRlO lJB nLk z itA8 6 6
bPU8Ywcag6Oq8GS67YOClYJQs5 5 5
mIeDKAnFvTMqHHnqkQnYbydP7uUhAqy 6 6
UW zc G pO iD 0 T PASS N BCrutv B8QnT M  tnk ab OKgs3G2uofFlz  nmD 0O 5 5
T7IZItDFSyUrPJmfvb7hXCe VQ 3 3
ld02Y4Ncvf VF   qWiBKmbVHUWgv gPAczbL4LvQ  czD 1RIwu tprdak HKQhHu DpQtLdY0MAWNvn s0x K1 3 3
