xTmNqP2eCNhmUk 10 10
8Ej0GwjrLsqevXywkxYWQhEkc 4 4
TGDUbNUzcc1oEXbAeXOR4ZtTw 9 9
8Ej0GwjrLsqevXywkxYWQhEkc 3
8Ej0GwjrLsqevXywkxYWQhEkc 2
TGDUbNUzcc1oEXbAeXOR4ZtTw 8
8Ej0GwjrLsqevXywkxYWQhEkc 1
8Ej0GwjrLsqevXywkxYWQhEkc 0
xTmNqP2eCNhmUk 9
xTmNqP2eCNhmUk 8
TGDUbNUzcc1oEXbAeXOR4ZtTw 7
TGDUbNUzcc1oEXbAeXOR4ZtTw 6
xTmNqP2eCNhmUk 7
TGDUbNUzcc1oEXbAeXOR4ZtTw 5
xTmNqP2eCNhmUk 6
TGDUbNUzcc1oEXbAeXOR4ZtTw 4
xTmNqP2eCNhmUk 5
xTmNqP2eCNhmUk 4
xTmNqP2eCNhmUk 3
xTmNqP2eCNhmUk 2
xTmNqP2eCNhmUk 10 2
8Ej0GwjrLsqevXywkxYWQhEkc 4 0
TGDUbNUzcc1oEXbAeXOR4ZtTw 9 4
84-WL-IP 31-03-2024 03:00 31-03-2024 04:58 2.80
KR-21-CQ 31-03-2024 03:39 31-03-2024 05:00 3.10
EL-86-16 31-03-2024 04:43 31-03-2024 05:05 0.60
JI-85-74 31-03-2024 04:44 31-03-2024 05:07 0.60
26-IE-07 31-03-2024 02:00 31-03-2024 05:08 4.80
VK-IS-58 31-03-2024 02:12 31-03-2024 05:13 7.65
QF-22-BQ 31-03-2024 01:42 31-03-2024 05:17 5.60
WS-LZ-61 31-03-2024 00:52 31-03-2024 05:20 9.10
WC-JH-57 31-03-2024 03:51 31-03-2024 05:24 2.40
GW-01-OP 31-03-2024 00:27 31-03-2024 05:28 10.75
47-11-MD 31-03-2024 00:00 31-03-2024 05:29 11.30
KS-53-PQ 31-03-2024 02:30 31-03-2024 05:33 7.65
WM-ER-61 31-03-2024 04:00 31-03-2024 05:37 2.40
HI-LY-52 31-03-2024 03:57 31-03-2024 05:40 3.75
26-MH-15 31-03-2024 01:00 31-03-2024 05:41 9.65
BB-UR-31 31-03-2024 04:16 31-03-2024 05:43 2.00
UY-71-42 31-03-2024 00:43 31-03-2024 05:48 12.85
TGDUbNUzcc1oEXbAeXOR4ZtTw 8
xTmNqP2eCNhmUk 9
xTmNqP2eCNhmUk 8
TGDUbNUzcc1oEXbAeXOR4ZtTw 7
8Ej0GwjrLsqevXywkxYWQhEkc 3
8Ej0GwjrLsqevXywkxYWQhEkc 2
xTmNqP2eCNhmUk 7
TGDUbNUzcc1oEXbAeXOR4ZtTw 6
TGDUbNUzcc1oEXbAeXOR4ZtTw 5
8Ej0GwjrLsqevXywkxYWQhEkc 1
TGDUbNUzcc1oEXbAeXOR4ZtTw 4
8Ej0GwjrLsqevXywkxYWQhEkc 0
TGDUbNUzcc1oEXbAeXOR4ZtTw 3
xTmNqP2eCNhmUk 6
TGDUbNUzcc1oEXbAeXOR4ZtTw 2
xTmNqP2eCNhmUk 10 6
8Ej0GwjrLsqevXywkxYWQhEkc 4 0
TGDUbNUzcc1oEXbAeXOR4ZtTw 9 2
VK-IS-58 31-03-2024 08:56 31-03-2024 11:21 5.70
26-XR-24 31-03-2024 11:00 31-03-2024 11:22 0.90
JI-85-74 31-03-2024 09:00 31-03-2024 11:23 4.70
EL-86-16 31-03-2024 10:38 31-03-2024 11:26 1.80
HI-LY-52 31-03-2024 06:00 31-03-2024 11:29 8.40
BB-UR-31 31-03-2024 07:44 31-03-2024 11:32 8.00
KR-21-CQ 31-03-2024 08:28 31-03-2024 11:33 7.65
47-11-MD 31-03-2024 10:00 31-03-2024 11:35 3.05
87-OE-WM 31-03-2024 09:50 31-03-2024 11:38 4.40
GW-01-OP 31-03-2024 08:00 31-03-2024 11:41 5.60
26-MH-15 31-03-2024 05:50 31-03-2024 11:44 14.80
26-IE-07 31-03-2024 06:10 31-03-2024 11:48 8.80
WC-JH-57 31-03-2024 10:52 31-03-2024 11:53 1.60
WS-LZ-61 31-03-2024 07:00 31-03-2024 11:56 10.20
WM-ER-61 31-03-2024 06:52 31-03-2024 12:00 12.85
8Ej0GwjrLsqevXywkxYWQhEkc 3
xTmNqP2eCNhmUk 9
TGDUbNUzcc1oEXbAeXOR4ZtTw 8
TGDUbNUzcc1oEXbAeXOR4ZtTw 7
TGDUbNUzcc1oEXbAeXOR4ZtTw 6
8Ej0GwjrLsqevXywkxYWQhEkc 2
TGDUbNUzcc1oEXbAeXOR4ZtTw 5
TGDUbNUzcc1oEXbAeXOR4ZtTw 4
TGDUbNUzcc1oEXbAeXOR4ZtTw 3
xTmNqP2eCNhmUk 8
xTmNqP2eCNhmUk 7
8Ej0GwjrLsqevXywkxYWQhEkc 1
8Ej0GwjrLsqevXywkxYWQhEkc 0
TGDUbNUzcc1oEXbAeXOR4ZtTw 2
TGDUbNUzcc1oEXbAeXOR4ZtTw 1
xTmNqP2eCNhmUk 6
TGDUbNUzcc1oEXbAeXOR4ZtTw 0
xTmNqP2eCNhmUk 5
xTmNqP2eCNhmUk 4
xTmNqP2eCNhmUk 10 4
8Ej0GwjrLsqevXywkxYWQhEkc 4 0
TGDUbNUzcc1oEXbAeXOR4ZtTw 9 0
VK-IS-58 31-03-2024 18:52 31-03-2024 19:31 0.90
EL-86-16 31-03-2024 15:23 31-03-2024 19:32 10.25
47-11-MD 31-03-2024 17:43 31-03-2024 19:35 4.40
HI-LY-52 31-03-2024 18:19 31-03-2024 19:39 2.00
KR-21-CQ 31-03-2024 14:00 31-03-2024 19:40 14.15
XD-AU-62 31-03-2024 14:17 31-03-2024 19:45 11.30
JI-85-74 31-03-2024 16:00 31-03-2024 19:50 6.00
26-IE-07 31-03-2024 13:22 31-03-2024 19:53 16.75
WM-ER-61 31-03-2024 12:13 31-03-2024 19:58 12.00
KS-53-PQ 31-03-2024 14:41 31-03-2024 20:00 13.50
84-WL-IP 31-03-2024 19:00 31-03-2024 20:04 1.60
26-XR-24 31-03-2024 13:00 31-03-2024 20:05 18.05
UY-71-42 31-03-2024 16:49 31-03-2024 20:06 5.20
GW-01-OP 31-03-2024 17:10 31-03-2024 20:10 5.80
QF-22-BQ 31-03-2024 18:49 31-03-2024 20:11 3.10
BB-UR-31 31-03-2024 12:01 31-03-2024 20:16 17.35
87-OE-WM 31-03-2024 17:00 31-03-2024 20:17 6.90
86-EV-05 31-03-2024 18:00 31-03-2024 20:20 5.70
QN-24-14 31-03-2024 15:00 31-03-2024 20:25 13.50
xTmNqP2eCNhmUk 9
8Ej0GwjrLsqevXywkxYWQhEkc 3
TGDUbNUzcc1oEXbAeXOR4ZtTw 8
xTmNqP2eCNhmUk 8
TGDUbNUzcc1oEXbAeXOR4ZtTw 7
xTmNqP2eCNhmUk 7
8Ej0GwjrLsqevXywkxYWQhEkc 2
TGDUbNUzcc1oEXbAeXOR4ZtTw 6
xTmNqP2eCNhmUk 6
TGDUbNUzcc1oEXbAeXOR4ZtTw 5
xTmNqP2eCNhmUk 5
TGDUbNUzcc1oEXbAeXOR4ZtTw 4
xTmNqP2eCNhmUk 4
xTmNqP2eCNhmUk 3
xTmNqP2eCNhmUk 2
xTmNqP2eCNhmUk 1
xTmNqP2eCNhmUk 0
8Ej0GwjrLsqevXywkxYWQhEkc 1
TGDUbNUzcc1oEXbAeXOR4ZtTw 3
TGDUbNUzcc1oEXbAeXOR4ZtTw 2
8Ej0GwjrLsqevXywkxYWQhEkc 0
TGDUbNUzcc1oEXbAeXOR4ZtTw 1
xTmNqP2eCNhmUk 10 0
8Ej0GwjrLsqevXywkxYWQhEkc 4 0
TGDUbNUzcc1oEXbAeXOR4ZtTw 9 1
UY-71-42 31-03-2024 22:46 01-04-2024 03:26 7.20
BB-UR-31 01-04-2024 01:00 01-04-2024 03:28 3.60
WS-LZ-61 01-04-2024 03:15 01-04-2024 03:32 0.90
26-XR-24 01-04-2024 00:38 01-04-2024 03:34 4.40
KR-21-CQ 31-03-2024 21:10 01-04-2024 03:36 10.00
86-EV-05 31-03-2024 21:51 01-04-2024 03:40 14.80
XD-AU-62 31-03-2024 20:29 01-04-2024 03:44 11.20
64-WQ-15 01-04-2024 00:30 01-04-2024 03:49 5.20
VK-IS-58 01-04-2024 02:00 01-04-2024 03:53 2.80
87-OE-WM 31-03-2024 22:11 01-04-2024 03:57 12.40
84-WL-IP 01-04-2024 02:09 01-04-2024 04:00 3.60
HI-LY-52 01-04-2024 01:48 01-04-2024 04:02 3.20
26-MH-15 01-04-2024 03:00 01-04-2024 04:05 2.45
EL-86-16 01-04-2024 02:50 01-04-2024 04:09 3.10
JI-85-74 31-03-2024 22:28 01-04-2024 04:14 14.80
26-IE-07 31-03-2024 21:00 01-04-2024 04:18 18.70
KS-53-PQ 31-03-2024 23:46 01-04-2024 04:20 7.20
QN-24-14 31-03-2024 22:00 01-04-2024 04:21 10.00
47-11-MD 31-03-2024 20:54 01-04-2024 04:24 15.70
WM-ER-61 01-04-2024 03:14 01-04-2024 04:28 1.95
GW-01-OP 31-03-2024 23:00 01-04-2024 04:31 14.15
WC-JH-57 01-04-2024 00:00 01-04-2024 04:32 11.55
TGDUbNUzcc1oEXbAeXOR4ZtTw 8
xTmNqP2eCNhmUk 9
xTmNqP2eCNhmUk 8
xTmNqP2eCNhmUk 7
TGDUbNUzcc1oEXbAeXOR4ZtTw 7
TGDUbNUzcc1oEXbAeXOR4ZtTw 6
xTmNqP2eCNhmUk 6
xTmNqP2eCNhmUk 5
TGDUbNUzcc1oEXbAeXOR4ZtTw 5
xTmNqP2eCNhmUk 4
TGDUbNUzcc1oEXbAeXOR4ZtTw 4
TGDUbNUzcc1oEXbAeXOR4ZtTw 3
8Ej0GwjrLsqevXywkxYWQhEkc 3
xTmNqP2eCNhmUk 3
xTmNqP2eCNhmUk 2
8Ej0GwjrLsqevXywkxYWQhEkc 2
8Ej0GwjrLsqevXywkxYWQhEkc 1
8Ej0GwjrLsqevXywkxYWQhEkc 0
TGDUbNUzcc1oEXbAeXOR4ZtTw 2
xTmNqP2eCNhmUk 1
xTmNqP2eCNhmUk 0
xTmNqP2eCNhmUk 10 0
8Ej0GwjrLsqevXywkxYWQhEkc 4 0
TGDUbNUzcc1oEXbAeXOR4ZtTw 9 2
86-EV-05 01-04-2024 10:33 01-04-2024 12:12 2.40
BB-UR-31 01-04-2024 08:38 01-04-2024 12:13 5.60
WS-LZ-61 01-04-2024 10:40 01-04-2024 12:14 2.40
84-WL-IP 01-04-2024 10:00 01-04-2024 12:18 4.70
XD-AU-62 01-04-2024 12:00 01-04-2024 12:23 0.90
QF-22-BQ 01-04-2024 04:35 01-04-2024 12:24 20.00
WM-ER-61 01-04-2024 05:00 01-04-2024 12:27 11.60
JI-85-74 01-04-2024 04:40 01-04-2024 12:32 12.40
26-XR-24 01-04-2024 07:48 01-04-2024 12:34 7.60
UY-71-42 01-04-2024 08:00 01-04-2024 12:38 11.55
WC-JH-57 01-04-2024 06:00 01-04-2024 12:41 16.75
26-MH-15 01-04-2024 06:29 01-04-2024 12:46 16.10
64-WQ-15 01-04-2024 12:11 01-04-2024 12:51 0.90
HI-LY-52 01-04-2024 11:00 01-04-2024 12:55 3.60
QN-24-14 01-04-2024 10:47 01-04-2024 12:57 4.15
47-11-MD 01-04-2024 11:34 01-04-2024 13:00 2.50
EL-86-16 01-04-2024 09:00 01-04-2024 13:04 10.25
VK-IS-58 01-04-2024 05:44 01-04-2024 13:09 11.60
GW-01-OP 01-04-2024 09:50 01-04-2024 13:13 8.30
KR-21-CQ 01-04-2024 12:02 01-04-2024 13:16 1.60
KS-53-PQ 01-04-2024 07:00 01-04-2024 13:19 10.00
xTmNqP2eCNhmUk 9
xTmNqP2eCNhmUk 8
TGDUbNUzcc1oEXbAeXOR4ZtTw 8
xTmNqP2eCNhmUk 7
xTmNqP2eCNhmUk 6
8Ej0GwjrLsqevXywkxYWQhEkc 3
xTmNqP2eCNhmUk 5
xTmNqP2eCNhmUk 4
TGDUbNUzcc1oEXbAeXOR4ZtTw 7
8Ej0GwjrLsqevXywkxYWQhEkc 2
xTmNqP2eCNhmUk 3
TGDUbNUzcc1oEXbAeXOR4ZtTw 6
xTmNqP2eCNhmUk 2
TGDUbNUzcc1oEXbAeXOR4ZtTw 5
xTmNqP2eCNhmUk 1
xTmNqP2eCNhmUk 0
8Ej0GwjrLsqevXywkxYWQhEkc 1
TGDUbNUzcc1oEXbAeXOR4ZtTw 4
TGDUbNUzcc1oEXbAeXOR4ZtTw 3
8Ej0GwjrLsqevXywkxYWQhEkc 0
xTmNqP2eCNhmUk 10 0
8Ej0GwjrLsqevXywkxYWQhEkc 4 0
TGDUbNUzcc1oEXbAeXOR4ZtTw 9 3
84-WL-IP 01-04-2024 18:59 01-04-2024 19:14 0.45
GW-01-OP 01-04-2024 18:47 01-04-2024 19:17 0.70
86-EV-05 01-04-2024 16:00 01-04-2024 19:21 8.30
QN-24-14 01-04-2024 14:53 01-04-2024 19:24 7.20
26-MH-15 01-04-2024 14:37 01-04-2024 19:26 7.60
26-IE-07 01-04-2024 19:00 01-04-2024 19:29 0.70
HI-LY-52 01-04-2024 16:59 01-04-2024 19:30 4.00
UY-71-42 01-04-2024 15:00 01-04-2024 19:33 7.20
QF-22-BQ 01-04-2024 18:00 01-04-2024 19:34 3.75
64-WQ-15 01-04-2024 18:24 01-04-2024 19:35 1.60
47-11-MD 01-04-2024 13:23 01-04-2024 19:36 9.60
KS-53-PQ 01-04-2024 14:00 01-04-2024 19:41 14.15
WS-LZ-61 01-04-2024 14:59 01-04-2024 19:46 10.20
BB-UR-31 01-04-2024 13:53 01-04-2024 19:50 9.20
WM-ER-61 01-04-2024 15:48 01-04-2024 19:51 6.40
JI-85-74 01-04-2024 16:15 01-04-2024 19:55 7.45
EL-86-16 01-04-2024 18:15 01-04-2024 20:00 2.40
XD-AU-62 01-04-2024 17:39 01-04-2024 20:05 3.60
VK-IS-58 01-04-2024 17:00 01-04-2024 20:09 7.65
KR-21-CQ 01-04-2024 18:53 01-04-2024 20:14 3.10
8Ej0GwjrLsqevXywkxYWQhEkc 3
xTmNqP2eCNhmUk 9
8Ej0GwjrLsqevXywkxYWQhEkc 2
8Ej0GwjrLsqevXywkxYWQhEkc 1
8Ej0GwjrLsqevXywkxYWQhEkc 0
xTmNqP2eCNhmUk 8
xTmNqP2eCNhmUk 7
xTmNqP2eCNhmUk 10 7
8Ej0GwjrLsqevXywkxYWQhEkc 4 0
TGDUbNUzcc1oEXbAeXOR4ZtTw 9 9
QF-22-BQ 01-04-2024 21:17 01-04-2024 22:48 3.05
GW-01-OP 01-04-2024 20:18 01-04-2024 22:49 5.25
87-OE-WM 01-04-2024 22:00 01-04-2024 22:54 1.40
XD-AU-62 01-04-2024 22:37 01-04-2024 22:59 0.60
64-WQ-15 01-04-2024 22:14 01-04-2024 23:00 1.20
VK-IS-58 01-04-2024 21:40 01-04-2024 23:02 2.50
KS-53-PQ 01-04-2024 21:00 01-04-2024 23:07 3.20
8Ej0GwjrLsqevXywkxYWQhEkc 3
xTmNqP2eCNhmUk 9
xTmNqP2eCNhmUk 8
TGDUbNUzcc1oEXbAeXOR4ZtTw 8
8Ej0GwjrLsqevXywkxYWQhEkc 2
TGDUbNUzcc1oEXbAeXOR4ZtTw 7
xTmNqP2eCNhmUk 7
TGDUbNUzcc1oEXbAeXOR4ZtTw 6
xTmNqP2eCNhmUk 6
8Ej0GwjrLsqevXywkxYWQhEkc 1
8Ej0GwjrLsqevXywkxYWQhEkc 0
TGDUbNUzcc1oEXbAeXOR4ZtTw 5
TGDUbNUzcc1oEXbAeXOR4ZtTw 4
TGDUbNUzcc1oEXbAeXOR4ZtTw 3
TGDUbNUzcc1oEXbAeXOR4ZtTw 2
TGDUbNUzcc1oEXbAeXOR4ZtTw 1
TGDUbNUzcc1oEXbAeXOR4ZtTw 0
xTmNqP2eCNhmUk 10 6
8Ej0GwjrLsqevXywkxYWQhEkc 4 0
TGDUbNUzcc1oEXbAeXOR4ZtTw 9 0
84-WL-IP 01-04-2024 23:11 02-04-2024 04:21 10.75
UY-71-42 02-04-2024 00:28 02-04-2024 04:22 8.00
QN-24-14 02-04-2024 00:08 02-04-2024 04:26 10.90
BB-UR-31 02-04-2024 04:16 02-04-2024 04:30 0.45
64-WQ-15 02-04-2024 04:06 02-04-2024 04:34 0.90
26-IE-07 02-04-2024 04:00 02-04-2024 04:39 1.35
QF-22-BQ 02-04-2024 01:50 02-04-2024 04:42 7.00
JI-85-74 02-04-2024 01:05 02-04-2024 04:47 5.60
XD-AU-62 02-04-2024 03:31 02-04-2024 04:51 3.10
86-EV-05 02-04-2024 03:00 02-04-2024 04:52 3.60
26-XR-24 02-04-2024 02:39 02-04-2024 04:54 4.15
47-11-MD 01-04-2024 23:33 02-04-2024 04:55 8.40
GW-01-OP 02-04-2024 01:00 02-04-2024 05:00 9.60
87-OE-WM 02-04-2024 00:00 02-04-2024 05:01 8.00
KR-21-CQ 02-04-2024 03:46 02-04-2024 05:03 3.10
26-MH-15 02-04-2024 03:42 02-04-2024 05:07 3.10
KS-53-PQ 02-04-2024 02:00 02-04-2024 05:08 4.80
8Ej0GwjrLsqevXywkxYWQhEkc 3
TGDUbNUzcc1oEXbAeXOR4ZtTw 8
8Ej0GwjrLsqevXywkxYWQhEkc 2
xTmNqP2eCNhmUk 9
TGDUbNUzcc1oEXbAeXOR4ZtTw 7
TGDUbNUzcc1oEXbAeXOR4ZtTw 6
TGDUbNUzcc1oEXbAeXOR4ZtTw 5
xTmNqP2eCNhmUk 8
8Ej0GwjrLsqevXywkxYWQhEkc 1
8Ej0GwjrLsqevXywkxYWQhEkc 0
TGDUbNUzcc1oEXbAeXOR4ZtTw 4
TGDUbNUzcc1oEXbAeXOR4ZtTw 3
xTmNqP2eCNhmUk 7
TGDUbNUzcc1oEXbAeXOR4ZtTw 2
xTmNqP2eCNhmUk 6
xTmNqP2eCNhmUk 5
TGDUbNUzcc1oEXbAeXOR4ZtTw 1
xTmNqP2eCNhmUk 4
xTmNqP2eCNhmUk 10 4
8Ej0GwjrLsqevXywkxYWQhEkc 4 0
TGDUbNUzcc1oEXbAeXOR4ZtTw 9 1
XD-AU-62 02-04-2024 08:31 02-04-2024 10:58 4.70
WC-JH-57 02-04-2024 06:42 02-04-2024 11:00 6.80
47-11-MD 02-04-2024 10:17 02-04-2024 11:03 1.20
QF-22-BQ 02-04-2024 10:30 02-04-2024 11:08 1.35
WS-LZ-61 02-04-2024 08:57 02-04-2024 11:11 5.05
87-OE-WM 02-04-2024 05:56 02-04-2024 11:14 13.50
84-WL-IP 02-04-2024 09:00 02-04-2024 11:17 5.70
WM-ER-61 02-04-2024 07:54 02-04-2024 11:22 5.20
KS-53-PQ 02-04-2024 06:00 02-04-2024 11:24 11.30
64-WQ-15 02-04-2024 07:00 02-04-2024 11:26 10.90
HI-LY-52 02-04-2024 10:31 02-04-2024 11:29 1.20
26-MH-15 02-04-2024 07:44 02-04-2024 11:32 9.60
26-XR-24 02-04-2024 07:24 02-04-2024 11:35 10.25
KR-21-CQ 02-04-2024 10:19 02-04-2024 11:39 2.00
86-EV-05 02-04-2024 08:00 02-04-2024 11:44 7.45
UY-71-42 02-04-2024 09:45 02-04-2024 11:46 3.20
VK-IS-58 02-04-2024 10:00 02-04-2024 11:48 4.40
EL-86-16 02-04-2024 05:09 02-04-2024 11:52 14.05
8Ej0GwjrLsqevXywkxYWQhEkc 3
xTmNqP2eCNhmUk 9
TGDUbNUzcc1oEXbAeXOR4ZtTw 8
8Ej0GwjrLsqevXywkxYWQhEkc 2
TGDUbNUzcc1oEXbAeXOR4ZtTw 7
xTmNqP2eCNhmUk 8
8Ej0GwjrLsqevXywkxYWQhEkc 1
xTmNqP2eCNhmUk 7
8Ej0GwjrLsqevXywkxYWQhEkc 0
xTmNqP2eCNhmUk 6
TGDUbNUzcc1oEXbAeXOR4ZtTw 6
TGDUbNUzcc1oEXbAeXOR4ZtTw 5
TGDUbNUzcc1oEXbAeXOR4ZtTw 4
xTmNqP2eCNhmUk 5
TGDUbNUzcc1oEXbAeXOR4ZtTw 3
TGDUbNUzcc1oEXbAeXOR4ZtTw 2
TGDUbNUzcc1oEXbAeXOR4ZtTw 1
TGDUbNUzcc1oEXbAeXOR4ZtTw 0
xTmNqP2eCNhmUk 4
xTmNqP2eCNhmUk 3
xTmNqP2eCNhmUk 10 3
8Ej0GwjrLsqevXywkxYWQhEkc 4 0
TGDUbNUzcc1oEXbAeXOR4ZtTw 9 0
26-IE-07 02-04-2024 14:13 02-04-2024 17:24 4.80
84-WL-IP 02-04-2024 14:30 02-04-2024 17:28 7.00
VK-IS-58 02-04-2024 13:31 02-04-2024 17:30 6.00
UY-71-42 02-04-2024 17:22 02-04-2024 17:32 0.30
XD-AU-62 02-04-2024 17:00 02-04-2024 17:33 1.35
47-11-MD 02-04-2024 15:00 02-04-2024 17:37 6.35
26-MH-15 02-04-2024 15:16 02-04-2024 17:39 3.60
87-OE-WM 02-04-2024 12:03 02-04-2024 17:41 14.15
WM-ER-61 02-04-2024 12:00 02-04-2024 17:42 8.80
QN-24-14 02-04-2024 11:55 02-04-2024 17:45 12.40
WS-LZ-61 02-04-2024 17:06 02-04-2024 17:46 0.90
KR-21-CQ 02-04-2024 14:00 02-04-2024 17:50 8.00
KS-53-PQ 02-04-2024 13:24 02-04-2024 17:52 9.10
HI-LY-52 02-04-2024 12:50 02-04-2024 17:53 10.75
EL-86-16 02-04-2024 15:56 02-04-2024 17:58 5.05
64-WQ-15 02-04-2024 13:00 02-04-2024 18:00 7.60
WC-JH-57 02-04-2024 16:43 02-04-2024 18:05 3.10
QF-22-BQ 02-04-2024 14:19 02-04-2024 18:06 9.60
JI-85-74 02-04-2024 12:57 02-04-2024 18:10 12.85
BB-UR-31 02-04-2024 16:00 02-04-2024 18:14 5.05
xTmNqP2eCNhmUk 10 10
8Ej0GwjrLsqevXywkxYWQhEkc 4 4
TGDUbNUzcc1oEXbAeXOR4ZtTw 9 9
8Ej0GwjrLsqevXywkxYWQhEkc 02-04-2024 03:00 02-04-2024 04:52
8Ej0GwjrLsqevXywkxYWQhEkc 02-04-2024 08:00 02-04-2024 11:44
TGDUbNUzcc1oEXbAeXOR4ZtTw 31-03-2024 18:00 31-03-2024 20:20
TGDUbNUzcc1oEXbAeXOR4ZtTw 31-03-2024 21:51 01-04-2024 03:40
TGDUbNUzcc1oEXbAeXOR4ZtTw 01-04-2024 16:00 01-04-2024 19:21
xTmNqP2eCNhmUk 01-04-2024 10:33 01-04-2024 12:12
8Ej0GwjrLsqevXywkxYWQhEkc 01-04-2024 21:17 01-04-2024 22:48
TGDUbNUzcc1oEXbAeXOR4ZtTw 31-03-2024 18:49 31-03-2024 20:11
TGDUbNUzcc1oEXbAeXOR4ZtTw 01-04-2024 04:35 01-04-2024 12:24
TGDUbNUzcc1oEXbAeXOR4ZtTw 01-04-2024 18:00 01-04-2024 19:34
TGDUbNUzcc1oEXbAeXOR4ZtTw 02-04-2024 01:50 02-04-2024 04:42
TGDUbNUzcc1oEXbAeXOR4ZtTw 02-04-2024 10:30 02-04-2024 11:08
TGDUbNUzcc1oEXbAeXOR4ZtTw 02-04-2024 14:19 02-04-2024 18:06
xTmNqP2eCNhmUk 31-03-2024 01:42 31-03-2024 05:17
8Ej0GwjrLsqevXywkxYWQhEkc 01-04-2024 10:47 01-04-2024 12:57
8Ej0GwjrLsqevXywkxYWQhEkc 02-04-2024 11:55 02-04-2024 17:45
TGDUbNUzcc1oEXbAeXOR4ZtTw 31-03-2024 15:00 31-03-2024 20:25
TGDUbNUzcc1oEXbAeXOR4ZtTw 02-04-2024 00:08 02-04-2024 04:26
xTmNqP2eCNhmUk 31-03-2024 22:00 01-04-2024 04:21
xTmNqP2eCNhmUk 01-04-2024 14:53 01-04-2024 19:24
8Ej0GwjrLsqevXywkxYWQhEkc 01-04-2024 02:09 01-04-2024 04:00
8Ej0GwjrLsqevXywkxYWQhEkc 01-04-2024 10:00 01-04-2024 12:18
8Ej0GwjrLsqevXywkxYWQhEkc 01-04-2024 23:11 02-04-2024 04:21
TGDUbNUzcc1oEXbAeXOR4ZtTw 01-04-2024 18:59 01-04-2024 19:14
TGDUbNUzcc1oEXbAeXOR4ZtTw 02-04-2024 09:00 02-04-2024 11:17
TGDUbNUzcc1oEXbAeXOR4ZtTw 02-04-2024 14:30 02-04-2024 17:28
xTmNqP2eCNhmUk 31-03-2024 03:00 31-03-2024 04:58
xTmNqP2eCNhmUk 31-03-2024 19:00 31-03-2024 20:04
8Ej0GwjrLsqevXywkxYWQhEkc 31-03-2024 01:00 31-03-2024 05:41
TGDUbNUzcc1oEXbAeXOR4ZtTw 31-03-2024 05:50 31-03-2024 11:44
TGDUbNUzcc1oEXbAeXOR4ZtTw 01-04-2024 03:00 01-04-2024 04:05
TGDUbNUzcc1oEXbAeXOR4ZtTw 01-04-2024 06:29 01-04-2024 12:46
TGDUbNUzcc1oEXbAeXOR4ZtTw 02-04-2024 03:42 02-04-2024 05:07
TGDUbNUzcc1oEXbAeXOR4ZtTw 02-04-2024 07:44 02-04-2024 11:32
xTmNqP2eCNhmUk 01-04-2024 14:37 01-04-2024 19:26
xTmNqP2eCNhmUk 02-04-2024 15:16 02-04-2024 17:39
8Ej0GwjrLsqevXywkxYWQhEkc 02-04-2024 06:00 02-04-2024 11:24
8Ej0GwjrLsqevXywkxYWQhEkc 02-04-2024 13:24 02-04-2024 17:52
TGDUbNUzcc1oEXbAeXOR4ZtTw 31-03-2024 02:30 31-03-2024 05:33
TGDUbNUzcc1oEXbAeXOR4ZtTw 31-03-2024 14:41 31-03-2024 20:00
TGDUbNUzcc1oEXbAeXOR4ZtTw 01-04-2024 14:00 01-04-2024 19:41
xTmNqP2eCNhmUk 31-03-2024 23:46 01-04-2024 04:20
xTmNqP2eCNhmUk 01-04-2024 07:00 01-04-2024 13:19
xTmNqP2eCNhmUk 01-04-2024 21:00 01-04-2024 23:07
xTmNqP2eCNhmUk 02-04-2024 02:00 02-04-2024 05:08
8Ej0GwjrLsqevXywkxYWQhEkc 02-04-2024 02:39 02-04-2024 04:54
TGDUbNUzcc1oEXbAeXOR4ZtTw 31-03-2024 11:00 31-03-2024 11:22
TGDUbNUzcc1oEXbAeXOR4ZtTw 31-03-2024 13:00 31-03-2024 20:05
TGDUbNUzcc1oEXbAeXOR4ZtTw 02-04-2024 07:24 02-04-2024 11:35
xTmNqP2eCNhmUk 01-04-2024 00:38 01-04-2024 03:34
xTmNqP2eCNhmUk 01-04-2024 07:48 01-04-2024 12:34
8Ej0GwjrLsqevXywkxYWQhEkc 31-03-2024 00:27 31-03-2024 05:28
8Ej0GwjrLsqevXywkxYWQhEkc 31-03-2024 17:10 31-03-2024 20:10
8Ej0GwjrLsqevXywkxYWQhEkc 01-04-2024 18:47 01-04-2024 19:17
8Ej0GwjrLsqevXywkxYWQhEkc 01-04-2024 20:18 01-04-2024 22:49
TGDUbNUzcc1oEXbAeXOR4ZtTw 31-03-2024 23:00 01-04-2024 04:31
TGDUbNUzcc1oEXbAeXOR4ZtTw 01-04-2024 09:50 01-04-2024 13:13
TGDUbNUzcc1oEXbAeXOR4ZtTw 02-04-2024 01:00 02-04-2024 05:00
xTmNqP2eCNhmUk 31-03-2024 08:00 31-03-2024 11:41
8Ej0GwjrLsqevXywkxYWQhEkc 01-04-2024 19:00 01-04-2024 19:29
TGDUbNUzcc1oEXbAeXOR4ZtTw 31-03-2024 13:22 31-03-2024 19:53
TGDUbNUzcc1oEXbAeXOR4ZtTw 31-03-2024 21:00 01-04-2024 04:18
TGDUbNUzcc1oEXbAeXOR4ZtTw 02-04-2024 04:00 02-04-2024 04:39
xTmNqP2eCNhmUk 31-03-2024 02:00 31-03-2024 05:08
xTmNqP2eCNhmUk 31-03-2024 06:10 31-03-2024 11:48
xTmNqP2eCNhmUk 02-04-2024 14:13 02-04-2024 17:24
8Ej0GwjrLsqevXywkxYWQhEkc 02-04-2024 05:09 02-04-2024 11:52
TGDUbNUzcc1oEXbAeXOR4ZtTw 31-03-2024 10:38 31-03-2024 11:26
TGDUbNUzcc1oEXbAeXOR4ZtTw 31-03-2024 15:23 31-03-2024 19:32
TGDUbNUzcc1oEXbAeXOR4ZtTw 01-04-2024 02:50 01-04-2024 04:09
TGDUbNUzcc1oEXbAeXOR4ZtTw 01-04-2024 09:00 01-04-2024 13:04
TGDUbNUzcc1oEXbAeXOR4ZtTw 02-04-2024 15:56 02-04-2024 17:58
xTmNqP2eCNhmUk 31-03-2024 04:43 31-03-2024 05:05
xTmNqP2eCNhmUk 01-04-2024 18:15 01-04-2024 20:00
8Ej0GwjrLsqevXywkxYWQhEkc 02-04-2024 00:28 02-04-2024 04:22
TGDUbNUzcc1oEXbAeXOR4ZtTw 31-03-2024 00:43 31-03-2024 05:48
TGDUbNUzcc1oEXbAeXOR4ZtTw 01-04-2024 08:00 01-04-2024 12:38
xTmNqP2eCNhmUk 31-03-2024 16:49 31-03-2024 20:06
xTmNqP2eCNhmUk 31-03-2024 22:46 01-04-2024 03:26
xTmNqP2eCNhmUk 01-04-2024 15:00 01-04-2024 19:33
xTmNqP2eCNhmUk 02-04-2024 09:45 02-04-2024 11:46
xTmNqP2eCNhmUk 02-04-2024 17:22 02-04-2024 17:32
8Ej0GwjrLsqevXywkxYWQhEkc 31-03-2024 17:00 31-03-2024 20:17
8Ej0GwjrLsqevXywkxYWQhEkc 31-03-2024 22:11 01-04-2024 03:57
8Ej0GwjrLsqevXywkxYWQhEkc 01-04-2024 22:00 01-04-2024 22:54
TGDUbNUzcc1oEXbAeXOR4ZtTw 31-03-2024 09:50 31-03-2024 11:38
TGDUbNUzcc1oEXbAeXOR4ZtTw 02-04-2024 05:56 02-04-2024 11:14
TGDUbNUzcc1oEXbAeXOR4ZtTw 02-04-2024 12:03 02-04-2024 17:41
xTmNqP2eCNhmUk 02-04-2024 00:00 02-04-2024 05:01
8Ej0GwjrLsqevXywkxYWQhEkc 01-04-2024 03:14 01-04-2024 04:28
TGDUbNUzcc1oEXbAeXOR4ZtTw 31-03-2024 06:52 31-03-2024 12:00
xTmNqP2eCNhmUk 31-03-2024 04:00 31-03-2024 05:37
xTmNqP2eCNhmUk 31-03-2024 12:13 31-03-2024 19:58
xTmNqP2eCNhmUk 01-04-2024 05:00 01-04-2024 12:27
xTmNqP2eCNhmUk 01-04-2024 15:48 01-04-2024 19:51
xTmNqP2eCNhmUk 02-04-2024 07:54 02-04-2024 11:22
xTmNqP2eCNhmUk 02-04-2024 12:00 02-04-2024 17:42
8Ej0GwjrLsqevXywkxYWQhEkc 31-03-2024 00:00 31-03-2024 05:29
8Ej0GwjrLsqevXywkxYWQhEkc 31-03-2024 10:00 31-03-2024 11:35
8Ej0GwjrLsqevXywkxYWQhEkc 31-03-2024 20:54 01-04-2024 04:24
8Ej0GwjrLsqevXywkxYWQhEkc 01-04-2024 11:34 01-04-2024 13:00
TGDUbNUzcc1oEXbAeXOR4ZtTw 31-03-2024 17:43 31-03-2024 19:35
TGDUbNUzcc1oEXbAeXOR4ZtTw 02-04-2024 15:00 02-04-2024 17:37
xTmNqP2eCNhmUk 01-04-2024 13:23 01-04-2024 19:36
xTmNqP2eCNhmUk 01-04-2024 23:33 02-04-2024 04:55
xTmNqP2eCNhmUk 02-04-2024 10:17 02-04-2024 11:03
8Ej0GwjrLsqevXywkxYWQhEkc 31-03-2024 09:00 31-03-2024 11:23
8Ej0GwjrLsqevXywkxYWQhEkc 01-04-2024 16:15 01-04-2024 19:55
TGDUbNUzcc1oEXbAeXOR4ZtTw 31-03-2024 22:28 01-04-2024 04:14
TGDUbNUzcc1oEXbAeXOR4ZtTw 02-04-2024 12:57 02-04-2024 18:10
xTmNqP2eCNhmUk 31-03-2024 04:44 31-03-2024 05:07
xTmNqP2eCNhmUk 31-03-2024 16:00 31-03-2024 19:50
xTmNqP2eCNhmUk 01-04-2024 04:40 01-04-2024 12:32
xTmNqP2eCNhmUk 02-04-2024 01:05 02-04-2024 04:47
8Ej0GwjrLsqevXywkxYWQhEkc 02-04-2024 14:00 02-04-2024 17:50
TGDUbNUzcc1oEXbAeXOR4ZtTw 31-03-2024 03:39 31-03-2024 05:00
TGDUbNUzcc1oEXbAeXOR4ZtTw 31-03-2024 08:28 31-03-2024 11:33
TGDUbNUzcc1oEXbAeXOR4ZtTw 31-03-2024 14:00 31-03-2024 19:40
TGDUbNUzcc1oEXbAeXOR4ZtTw 01-04-2024 18:53 01-04-2024 20:14
TGDUbNUzcc1oEXbAeXOR4ZtTw 02-04-2024 03:46 02-04-2024 05:03
xTmNqP2eCNhmUk 31-03-2024 21:10 01-04-2024 03:36
xTmNqP2eCNhmUk 01-04-2024 12:02 01-04-2024 13:16
xTmNqP2eCNhmUk 02-04-2024 10:19 02-04-2024 11:39
8Ej0GwjrLsqevXywkxYWQhEkc 01-04-2024 11:00 01-04-2024 12:55
8Ej0GwjrLsqevXywkxYWQhEkc 02-04-2024 12:50 02-04-2024 17:53
TGDUbNUzcc1oEXbAeXOR4ZtTw 31-03-2024 03:57 31-03-2024 05:40
xTmNqP2eCNhmUk 31-03-2024 06:00 31-03-2024 11:29
xTmNqP2eCNhmUk 31-03-2024 18:19 31-03-2024 19:39
xTmNqP2eCNhmUk 01-04-2024 01:48 01-04-2024 04:02
xTmNqP2eCNhmUk 01-04-2024 16:59 01-04-2024 19:30
xTmNqP2eCNhmUk 02-04-2024 10:31 02-04-2024 11:29
TGDUbNUzcc1oEXbAeXOR4ZtTw 02-04-2024 04:06 02-04-2024 04:34
TGDUbNUzcc1oEXbAeXOR4ZtTw 02-04-2024 07:00 02-04-2024 11:26
xTmNqP2eCNhmUk 01-04-2024 00:30 01-04-2024 03:49
xTmNqP2eCNhmUk 01-04-2024 12:11 01-04-2024 12:51
xTmNqP2eCNhmUk 01-04-2024 18:24 01-04-2024 19:35
xTmNqP2eCNhmUk 01-04-2024 22:14 01-04-2024 23:00
xTmNqP2eCNhmUk 02-04-2024 13:00 02-04-2024 18:00
8Ej0GwjrLsqevXywkxYWQhEkc 01-04-2024 21:40 01-04-2024 23:02
TGDUbNUzcc1oEXbAeXOR4ZtTw 31-03-2024 02:12 31-03-2024 05:13
TGDUbNUzcc1oEXbAeXOR4ZtTw 31-03-2024 08:56 31-03-2024 11:21
TGDUbNUzcc1oEXbAeXOR4ZtTw 01-04-2024 17:00 01-04-2024 20:09
TGDUbNUzcc1oEXbAeXOR4ZtTw 02-04-2024 10:00 02-04-2024 11:48
xTmNqP2eCNhmUk 31-03-2024 18:52 31-03-2024 19:31
xTmNqP2eCNhmUk 01-04-2024 02:00 01-04-2024 03:53
xTmNqP2eCNhmUk 01-04-2024 05:44 01-04-2024 13:09
xTmNqP2eCNhmUk 02-04-2024 13:31 02-04-2024 17:30
8Ej0GwjrLsqevXywkxYWQhEkc 31-03-2024 14:17 31-03-2024 19:45
8Ej0GwjrLsqevXywkxYWQhEkc 02-04-2024 08:31 02-04-2024 10:58
TGDUbNUzcc1oEXbAeXOR4ZtTw 01-04-2024 12:00 01-04-2024 12:23
TGDUbNUzcc1oEXbAeXOR4ZtTw 02-04-2024 03:31 02-04-2024 04:51
TGDUbNUzcc1oEXbAeXOR4ZtTw 02-04-2024 17:00 02-04-2024 17:33
xTmNqP2eCNhmUk 31-03-2024 20:29 01-04-2024 03:44
xTmNqP2eCNhmUk 01-04-2024 17:39 01-04-2024 20:05
xTmNqP2eCNhmUk 01-04-2024 22:37 01-04-2024 22:59
8Ej0GwjrLsqevXywkxYWQhEkc 31-03-2024 00:52 31-03-2024 05:20
8Ej0GwjrLsqevXywkxYWQhEkc 31-03-2024 07:00 31-03-2024 11:56
8Ej0GwjrLsqevXywkxYWQhEkc 01-04-2024 14:59 01-04-2024 19:46
TGDUbNUzcc1oEXbAeXOR4ZtTw 01-04-2024 03:15 01-04-2024 03:32
TGDUbNUzcc1oEXbAeXOR4ZtTw 02-04-2024 08:57 02-04-2024 11:11
xTmNqP2eCNhmUk 01-04-2024 10:40 01-04-2024 12:14
xTmNqP2eCNhmUk 02-04-2024 17:06 02-04-2024 17:46
TGDUbNUzcc1oEXbAeXOR4ZtTw 01-04-2024 00:00 01-04-2024 04:32
TGDUbNUzcc1oEXbAeXOR4ZtTw 01-04-2024 06:00 01-04-2024 12:41
TGDUbNUzcc1oEXbAeXOR4ZtTw 02-04-2024 16:43 02-04-2024 18:05
xTmNqP2eCNhmUk 31-03-2024 03:51 31-03-2024 05:24
xTmNqP2eCNhmUk 31-03-2024 10:52 31-03-2024 11:53
xTmNqP2eCNhmUk 02-04-2024 06:42 02-04-2024 11:00
8Ej0GwjrLsqevXywkxYWQhEkc 31-03-2024 07:44 31-03-2024 11:32
8Ej0GwjrLsqevXywkxYWQhEkc 31-03-2024 12:01 31-03-2024 20:16
TGDUbNUzcc1oEXbAeXOR4ZtTw 02-04-2024 04:16 02-04-2024 04:30
TGDUbNUzcc1oEXbAeXOR4ZtTw 02-04-2024 16:00 02-04-2024 18:14
xTmNqP2eCNhmUk 31-03-2024 04:16 31-03-2024 05:43
xTmNqP2eCNhmUk 01-04-2024 01:00 01-04-2024 03:28
xTmNqP2eCNhmUk 01-04-2024 08:38 01-04-2024 12:13
xTmNqP2eCNhmUk 01-04-2024 13:53 01-04-2024 19:50
BB-AA-ZZ: invalid licence plate.
83-46-45: invalid licence plate.
87-TT-34: no entries found in any parking.
