xTmNqP2eCNhmUk 10 10
8Ej0GwjrLsqevXywkxYWQhEkc 4 4
TGDUbNUzcc1oEXbAeXOR4ZtTw 9 9
EcQiBQhcyWIgMeKqPiXgGcOhIa 9 9
sjxUXmHMHsmeDIqmRD0HLgmqOk 4 4
8Ej0GwjrLsqevXywkxYWQhEkc 3
EcQiBQhcyWIgMeKqPiXgGcOhIa 8
sjxUXmHMHsmeDIqmRD0HLgmqOk 3
xTmNqP2eCNhmUk 9
EcQiBQhcyWIgMeKqPiXgGcOhIa 7
TGDUbNUzcc1oEXbAeXOR4ZtTw 8
EcQiBQhcyWIgMeKqPiXgGcOhIa 6
xTmNqP2eCNhmUk 8
EcQiBQhcyWIgMeKqPiXgGcOhIa 5
EcQiBQhcyWIgMeKqPiXgGcOhIa 4
TGDUbNUzcc1oEXbAeXOR4ZtTw 7
xTmNqP2eCNhmUk 7
sjxUXmHMHsmeDIqmRD0HLgmqOk 2
8Ej0GwjrLsqevXywkxYWQhEkc 2
TGDUbNUzcc1oEXbAeXOR4ZtTw 6
EcQiBQhcyWIgMeKqPiXgGcOhIa 3
TGDUbNUzcc1oEXbAeXOR4ZtTw 5
sjxUXmHMHsmeDIqmRD0HLgmqOk 1
sjxUXmHMHsmeDIqmRD0HLgmqOk 0
TGDUbNUzcc1oEXbAeXOR4ZtTw 4
12-FQ-DF 31-03-2024 00:02 31-03-2024 00:41 0.90
56-BY-17 31-03-2024 00:00 31-03-2024 00:42 1.05
8Ej0GwjrLsqevXywkxYWQhEkc 2
TGDUbNUzcc1oEXbAeXOR4ZtTw 3
54-60-TP 31-03-2024 00:31 31-03-2024 00:48 0.90
15-CE-DP 31-03-2024 00:38 31-03-2024 00:50 0.45
8Ej0GwjrLsqevXywkxYWQhEkc 1
QN-YJ-14 31-03-2024 00:44 31-03-2024 00:56 0.35
18-KP-64 31-03-2024 00:07 31-03-2024 00:59 1.20
EU-75-PP 31-03-2024 00:53 31-03-2024 01:00 0.35
RX-PW-03 31-03-2024 00:15 31-03-2024 01:03 1.20
8Ej0GwjrLsqevXywkxYWQhEkc 2
68-YO-44 31-03-2024 00:36 31-03-2024 01:05 0.60
sjxUXmHMHsmeDIqmRD0HLgmqOk 0
JD-17-16 31-03-2024 01:08 31-03-2024 01:10 0.30
JL-QC-27 31-03-2024 00:12 31-03-2024 01:12 1.20
IA-56-81 31-03-2024 00:10 31-03-2024 01:13 2.45
8Ej0GwjrLsqevXywkxYWQhEkc 1
EcQiBQhcyWIgMeKqPiXgGcOhIa 5
SV-40-MY 31-03-2024 01:16 31-03-2024 01:18 0.35
TU-PT-68 31-03-2024 00:05 31-03-2024 01:19 1.70
sjxUXmHMHsmeDIqmRD0HLgmqOk 1
TGDUbNUzcc1oEXbAeXOR4ZtTw 5
xTmNqP2eCNhmUk 7
77-58-YI 31-03-2024 00:14 31-03-2024 01:30 2.00
TG-48-76 31-03-2024 00:25 31-03-2024 01:33 1.95
xTmNqP2eCNhmUk 7
65-AH-RW 31-03-2024 00:16 31-03-2024 01:38 1.90
86-NF-YM 31-03-2024 01:27 31-03-2024 01:40 0.30
IR-52-11 31-03-2024 01:36 31-03-2024 01:42 0.30
SL-RI-51 31-03-2024 01:21 31-03-2024 01:43 0.60
36-77-SQ 31-03-2024 00:23 31-03-2024 01:46 2.20
PN-52-00 31-03-2024 00:20 31-03-2024 01:47 2.00
14-07-KQ 31-03-2024 00:46 31-03-2024 01:49 2.45
EcQiBQhcyWIgMeKqPiXgGcOhIa 5
xTmNqP2eCNhmUk 9
EcQiBQhcyWIgMeKqPiXgGcOhIa 4
EcQiBQhcyWIgMeKqPiXgGcOhIa 3
8Ej0GwjrLsqevXywkxYWQhEkc 2
14-VH-WI 31-03-2024 00:33 31-03-2024 01:58 2.20
GK-14-JJ 31-03-2024 01:24 31-03-2024 02:00 1.35
sjxUXmHMHsmeDIqmRD0HLgmqOk 3
8Ej0GwjrLsqevXywkxYWQhEkc 1
8Ej0GwjrLsqevXywkxYWQhEkc 0
01-MQ-05 31-03-2024 02:05 31-03-2024 02:08 0.35
68-YO-44 31-03-2024 02:03 31-03-2024 02:10 0.35
TGDUbNUzcc1oEXbAeXOR4ZtTw 6
QN-YJ-14 31-03-2024 02:01 31-03-2024 02:15 0.30
07-33-KH 31-03-2024 00:30 31-03-2024 02:17 2.60
TGDUbNUzcc1oEXbAeXOR4ZtTw 5
14-00-JH 31-03-2024 02:20 31-03-2024 02:23 0.45
15-CE-DP 31-03-2024 02:13 31-03-2024 02:25 0.45
TGDUbNUzcc1oEXbAeXOR4ZtTw 6
TGDUbNUzcc1oEXbAeXOR4ZtTw 5
EcQiBQhcyWIgMeKqPiXgGcOhIa 3
8Ej0GwjrLsqevXywkxYWQhEkc 1
EcQiBQhcyWIgMeKqPiXgGcOhIa 2
RX-PW-03 31-03-2024 02:35 31-03-2024 02:36 0.30
83-13-AU 31-03-2024 02:28 31-03-2024 02:39 0.45
CU-68-00 31-03-2024 01:17 31-03-2024 02:40 1.90
14-07-KQ 31-03-2024 02:34 31-03-2024 02:41 0.35
sjxUXmHMHsmeDIqmRD0HLgmqOk 3
sjxUXmHMHsmeDIqmRD0HLgmqOk 2
36-77-SQ 31-03-2024 02:42 31-03-2024 02:47 0.30
xTmNqP2eCNhmUk 8
xTmNqP2eCNhmUk 7
QA-75-43 31-03-2024 01:50 31-03-2024 02:51 1.55
8Ej0GwjrLsqevXywkxYWQhEkc 1
EcQiBQhcyWIgMeKqPiXgGcOhIa 4
SL-RI-51 31-03-2024 01:55 31-03-2024 02:54 1.40
xTmNqP2eCNhmUk 6
xTmNqP2eCNhmUk 5
EcQiBQhcyWIgMeKqPiXgGcOhIa 3
GO-DT-44 31-03-2024 00:27 31-03-2024 03:00 6.35
sjxUXmHMHsmeDIqmRD0HLgmqOk 2
EcQiBQhcyWIgMeKqPiXgGcOhIa 2
QA-75-43 31-03-2024 02:55 31-03-2024 03:06 0.30
EU-75-PP 31-03-2024 02:32 31-03-2024 03:08 0.90
64-YD-56 31-03-2024 01:53 31-03-2024 03:10 1.90
sjxUXmHMHsmeDIqmRD0HLgmqOk 1
8Ej0GwjrLsqevXywkxYWQhEkc 1
8Ej0GwjrLsqevXywkxYWQhEkc 0
76-82-TH 31-03-2024 02:49 31-03-2024 03:17 0.60
WD-EA-82 31-03-2024 02:52 31-03-2024 03:19 0.70
14-00-JH 31-03-2024 03:14 31-03-2024 03:21 0.35
8Ej0GwjrLsqevXywkxYWQhEkc 1
EcQiBQhcyWIgMeKqPiXgGcOhIa 3
EcQiBQhcyWIgMeKqPiXgGcOhIa 2
xTmNqP2eCNhmUk 6
8Ej0GwjrLsqevXywkxYWQhEkc 0
EcQiBQhcyWIgMeKqPiXgGcOhIa 1
EcQiBQhcyWIgMeKqPiXgGcOhIa 0
xTmNqP2eCNhmUk 5
55-67-GP 31-03-2024 02:48 31-03-2024 03:43 1.20
83-13-AU 31-03-2024 02:45 31-03-2024 03:45 1.20
EU-75-PP 31-03-2024 03:40 31-03-2024 03:47 0.30
sjxUXmHMHsmeDIqmRD0HLgmqOk 1
xTmNqP2eCNhmUk 6
TGDUbNUzcc1oEXbAeXOR4ZtTw 6
TGDUbNUzcc1oEXbAeXOR4ZtTw 5
14-07-KQ 31-03-2024 02:59 31-03-2024 03:59 1.20
EcQiBQhcyWIgMeKqPiXgGcOhIa 0
TGDUbNUzcc1oEXbAeXOR4ZtTw 4
72-57-VU 31-03-2024 03:02 31-03-2024 04:05 1.70
23-45-EM 31-03-2024 03:38 31-03-2024 04:06 0.60
86-NF-YM 31-03-2024 04:00 31-03-2024 04:09 0.30
14-VH-WI 31-03-2024 03:54 31-03-2024 04:11 0.90
41-06-NV 31-03-2024 03:49 31-03-2024 04:12 0.60
TGDUbNUzcc1oEXbAeXOR4ZtTw 4
21-60-LZ 31-03-2024 03:31 31-03-2024 04:14 0.90
TGDUbNUzcc1oEXbAeXOR4ZtTw 3
PC-76-KI 31-03-2024 01:52 31-03-2024 04:18 3.30
CG-50-71 31-03-2024 02:31 31-03-2024 04:19 4.40
50-UQ-21 31-03-2024 04:13 31-03-2024 04:21 0.45
DF-76-RI 31-03-2024 01:51 31-03-2024 04:23 4.00
xTmNqP2eCNhmUk 7
TGDUbNUzcc1oEXbAeXOR4ZtTw 4
54-60-TP 31-03-2024 03:51 31-03-2024 04:27 0.90
KM-HG-85 31-03-2024 01:04 31-03-2024 04:29 6.90
xTmNqP2eCNhmUk 7
xTmNqP2eCNhmUk 6
76-13-SW 31-03-2024 04:24 31-03-2024 04:37 0.30
TGDUbNUzcc1oEXbAeXOR4ZtTw 3
TU-PT-68 31-03-2024 03:33 31-03-2024 04:42 1.95
PN-52-00 31-03-2024 04:40 31-03-2024 04:44 0.45
xTmNqP2eCNhmUk 6
8Ej0GwjrLsqevXywkxYWQhEkc 1
EcQiBQhcyWIgMeKqPiXgGcOhIa 2
CG-50-71 31-03-2024 04:48 31-03-2024 04:50 0.35
HR-32-21 31-03-2024 02:56 31-03-2024 04:53 2.80
8Ej0GwjrLsqevXywkxYWQhEkc 1
14-00-JH 31-03-2024 04:49 31-03-2024 04:59 0.30
68-YO-44 31-03-2024 03:03 31-03-2024 05:00 2.60
8Ej0GwjrLsqevXywkxYWQhEkc 0
IR-52-11 31-03-2024 03:12 31-03-2024 05:04 3.20
12-FQ-DF 31-03-2024 04:25 31-03-2024 05:05 1.35
sjxUXmHMHsmeDIqmRD0HLgmqOk 3
TGDUbNUzcc1oEXbAeXOR4ZtTw 4
xTmNqP2eCNhmUk 6
EcQiBQhcyWIgMeKqPiXgGcOhIa 3
RX-PW-03 31-03-2024 03:56 31-03-2024 05:13 3.10
KM-HG-85 31-03-2024 05:10 31-03-2024 05:16 0.30
EcQiBQhcyWIgMeKqPiXgGcOhIa 2
xTmNqP2eCNhmUk 6
sjxUXmHMHsmeDIqmRD0HLgmqOk 2
GO-DT-44 31-03-2024 04:34 31-03-2024 05:23 1.20
xTmNqP2eCNhmUk 6
07-33-KH 31-03-2024 03:28 31-03-2024 05:27 2.60
MU-81-WJ 31-03-2024 03:24 31-03-2024 05:30 4.15
xTmNqP2eCNhmUk 5
8Ej0GwjrLsqevXywkxYWQhEkc 0
sjxUXmHMHsmeDIqmRD0HLgmqOk 1
CG-50-71 31-03-2024 05:06 31-03-2024 05:36 0.60
TGDUbNUzcc1oEXbAeXOR4ZtTw 4
FQ-64-WY 31-03-2024 04:03 31-03-2024 05:40 3.75
15-CE-DP 31-03-2024 05:31 31-03-2024 05:42 0.30
81-UT-26 31-03-2024 00:18 31-03-2024 05:45 13.50
xTmNqP2eCNhmUk 5
sjxUXmHMHsmeDIqmRD0HLgmqOk 1
xTmNqP2eCNhmUk 4
EcQiBQhcyWIgMeKqPiXgGcOhIa 2
DK-KA-65 31-03-2024 00:08 31-03-2024 05:57 8.20
14-00-JH 31-03-2024 05:35 31-03-2024 06:00 0.60
TGDUbNUzcc1oEXbAeXOR4ZtTw 5
56-BY-17 31-03-2024 04:56 31-03-2024 06:04 1.95
IR-52-11 31-03-2024 05:48 31-03-2024 06:06 0.60
sjxUXmHMHsmeDIqmRD0HLgmqOk 1
sjxUXmHMHsmeDIqmRD0HLgmqOk 0
PM-84-62 31-03-2024 05:17 31-03-2024 06:11 1.20
8Ej0GwjrLsqevXywkxYWQhEkc 0
EcQiBQhcyWIgMeKqPiXgGcOhIa 3
55-67-GP 31-03-2024 05:12 31-03-2024 06:17 1.55
xTmNqP2eCNhmUk 4
JL-QC-27 31-03-2024 05:37 31-03-2024 06:23 1.80
UY-HG-70 31-03-2024 02:53 31-03-2024 06:24 5.05
xTmNqP2eCNhmUk 3
QN-YJ-14 31-03-2024 06:20 31-03-2024 06:29 0.30
72-BN-54 31-03-2024 04:32 31-03-2024 06:32 2.80
12-FQ-DF 31-03-2024 05:32 31-03-2024 06:35 1.95
8Ej0GwjrLsqevXywkxYWQhEkc 0
TGDUbNUzcc1oEXbAeXOR4ZtTw 5
TGDUbNUzcc1oEXbAeXOR4ZtTw 4
65-AH-RW 31-03-2024 06:10 31-03-2024 06:43 0.90
EU-75-PP 31-03-2024 06:16 31-03-2024 06:45 0.60
xTmNqP2eCNhmUk 4
14-81-HO 31-03-2024 04:16 31-03-2024 06:48 6.35
41-06-NV 31-03-2024 05:52 31-03-2024 06:50 1.20
WD-EA-82 31-03-2024 06:38 31-03-2024 06:53 0.35
xTmNqP2eCNhmUk 4
8Ej0GwjrLsqevXywkxYWQhEkc 0
83-13-AU 31-03-2024 04:45 31-03-2024 06:57 3.20
28-10-NK 31-03-2024 03:13 31-03-2024 07:00 8.00
26-VW-26 31-03-2024 06:03 31-03-2024 07:03 1.80
RS-XQ-30 31-03-2024 06:54 31-03-2024 07:06 0.30
TG-48-76 31-03-2024 06:55 31-03-2024 07:07 0.35
72-57-VU 31-03-2024 06:08 31-03-2024 07:10 1.70
XY-YM-25 31-03-2024 05:02 31-03-2024 07:13 4.15
77-58-YI 31-03-2024 05:25 31-03-2024 07:16 2.80
VP-17-JC 31-03-2024 03:35 31-03-2024 07:19 5.05
8Ej0GwjrLsqevXywkxYWQhEkc 2
EcQiBQhcyWIgMeKqPiXgGcOhIa 6
xTmNqP2eCNhmUk 6
8Ej0GwjrLsqevXywkxYWQhEkc 1
TGDUbNUzcc1oEXbAeXOR4ZtTw 5
EcQiBQhcyWIgMeKqPiXgGcOhIa 5
64-YD-56 31-03-2024 05:55 31-03-2024 07:37 2.25
xTmNqP2eCNhmUk 5
TGDUbNUzcc1oEXbAeXOR4ZtTw 4
12-FQ-DF 31-03-2024 06:41 31-03-2024 07:41 1.80
sjxUXmHMHsmeDIqmRD0HLgmqOk 1
PM-84-62 31-03-2024 07:40 31-03-2024 07:44 0.45
EcQiBQhcyWIgMeKqPiXgGcOhIa 5
54-ZB-QP 31-03-2024 07:27 31-03-2024 07:49 0.60
8Ej0GwjrLsqevXywkxYWQhEkc 0
DF-76-RI 31-03-2024 07:39 31-03-2024 07:55 0.60
81-UT-26 31-03-2024 06:14 31-03-2024 07:56 3.05
72-BN-54 31-03-2024 07:25 31-03-2024 07:57 0.90
8Ej0GwjrLsqevXywkxYWQhEkc 0
TGDUbNUzcc1oEXbAeXOR4ZtTw 5
CG-50-71 31-03-2024 06:26 31-03-2024 08:00 2.40
14-07-KQ 31-03-2024 07:22 31-03-2024 08:03 1.05
HR-32-21 31-03-2024 05:09 31-03-2024 08:05 7.00
TU-PT-68 31-03-2024 07:58 31-03-2024 08:07 0.35
EcQiBQhcyWIgMeKqPiXgGcOhIa 5
65-AH-RW 31-03-2024 07:47 31-03-2024 08:10 0.60
14-81-HO 31-03-2024 07:31 31-03-2024 08:13 1.35
TGDUbNUzcc1oEXbAeXOR4ZtTw 6
KM-HG-85 31-03-2024 05:22 31-03-2024 08:16 5.20
EU-75-PP 31-03-2024 07:52 31-03-2024 08:18 0.70
xTmNqP2eCNhmUk 7
50-UQ-21 31-03-2024 07:42 31-03-2024 08:23 0.90
TGDUbNUzcc1oEXbAeXOR4ZtTw 5
SV-40-MY 31-03-2024 08:20 31-03-2024 08:26 0.30
86-JB-AM 31-03-2024 05:51 31-03-2024 08:27 4.70
72-BN-54 31-03-2024 08:09 31-03-2024 08:30 0.60
QA-75-43 31-03-2024 07:34 31-03-2024 08:33 1.20
sjxUXmHMHsmeDIqmRD0HLgmqOk 3
IA-56-81 31-03-2024 06:47 31-03-2024 08:35 2.80
64-YD-56 31-03-2024 08:34 31-03-2024 08:37 0.30
xTmNqP2eCNhmUk 8
xTmNqP2eCNhmUk 7
DK-KA-65 31-03-2024 08:14 31-03-2024 08:43 0.90
01-MQ-05 31-03-2024 06:39 31-03-2024 08:46 5.05
50-UQ-21 31-03-2024 08:24 31-03-2024 08:48 0.90
8Ej0GwjrLsqevXywkxYWQhEkc 2
8Ej0GwjrLsqevXywkxYWQhEkc 1
PQ-62-WE 31-03-2024 05:19 31-03-2024 08:56 5.60
68-YO-44 31-03-2024 07:59 31-03-2024 08:57 1.80
TGDUbNUzcc1oEXbAeXOR4ZtTw 8
RX-PW-03 31-03-2024 07:30 31-03-2024 09:00 2.50
SU-10-RE 31-03-2024 03:27 31-03-2024 09:01 7.85
MU-81-WJ 31-03-2024 08:54 31-03-2024 09:02 0.35
sjxUXmHMHsmeDIqmRD0HLgmqOk 3
xTmNqP2eCNhmUk 7
sjxUXmHMHsmeDIqmRD0HLgmqOk 2
PP-53-XM 31-03-2024 08:39 31-03-2024 09:06 0.60
14-00-JH 31-03-2024 09:03 31-03-2024 09:07 0.30
54-60-TP 31-03-2024 08:42 31-03-2024 09:10 0.60
76-13-SW 31-03-2024 08:51 31-03-2024 09:12 0.70
64-YD-56 31-03-2024 09:05 31-03-2024 09:13 0.30
8Ej0GwjrLsqevXywkxYWQhEkc 3
sjxUXmHMHsmeDIqmRD0HLgmqOk 3
sjxUXmHMHsmeDIqmRD0HLgmqOk 2
8Ej0GwjrLsqevXywkxYWQhEkc 2
TGDUbNUzcc1oEXbAeXOR4ZtTw 7
TGDUbNUzcc1oEXbAeXOR4ZtTw 6
71-BL-63 31-03-2024 09:23 31-03-2024 09:24 0.45
sjxUXmHMHsmeDIqmRD0HLgmqOk 1
EcQiBQhcyWIgMeKqPiXgGcOhIa 8
TGDUbNUzcc1oEXbAeXOR4ZtTw 6
GO-DT-44 31-03-2024 08:59 31-03-2024 09:32 1.35
07-33-KH 31-03-2024 09:19 31-03-2024 09:33 0.30
xTmNqP2eCNhmUk 8
64-YD-56 31-03-2024 09:20 31-03-2024 09:37 0.70
EcQiBQhcyWIgMeKqPiXgGcOhIa 7
QN-YJ-14 31-03-2024 09:29 31-03-2024 09:43 0.45
EcQiBQhcyWIgMeKqPiXgGcOhIa 6
56-BY-17 31-03-2024 09:35 31-03-2024 09:46 0.30
LE-LA-51 31-03-2024 09:40 31-03-2024 09:49 0.30
83-13-AU 31-03-2024 09:44 31-03-2024 09:50 0.30
86-JB-AM 31-03-2024 09:17 31-03-2024 09:51 0.90
EcQiBQhcyWIgMeKqPiXgGcOhIa 7
TGDUbNUzcc1oEXbAeXOR4ZtTw 7
18-KP-64 31-03-2024 09:56 31-03-2024 09:57 0.45
MU-81-WJ 31-03-2024 09:22 31-03-2024 09:58 1.35
PN-52-00 31-03-2024 09:04 31-03-2024 09:59 1.20
TGDUbNUzcc1oEXbAeXOR4ZtTw 8
8Ej0GwjrLsqevXywkxYWQhEkc 2
FQ-64-WY 31-03-2024 10:03 31-03-2024 10:05 0.35
54-60-TP 31-03-2024 09:16 31-03-2024 10:07 1.40
WD-EA-82 31-03-2024 09:25 31-03-2024 10:08 0.90
EcQiBQhcyWIgMeKqPiXgGcOhIa 6
UY-HG-70 31-03-2024 10:11 31-03-2024 10:14 0.30
DK-KA-65 31-03-2024 09:54 31-03-2024 10:17 0.60
xTmNqP2eCNhmUk 9
14-81-HO 31-03-2024 10:18 31-03-2024 10:20 0.30
IR-52-11 31-03-2024 09:28 31-03-2024 10:23 1.20
71-BL-63 31-03-2024 10:00 31-03-2024 10:24 0.90
sjxUXmHMHsmeDIqmRD0HLgmqOk 3
EU-75-PP 31-03-2024 10:25 31-03-2024 10:26 0.30
xTmNqP2eCNhmUk 9
RS-XQ-30 31-03-2024 10:27 31-03-2024 10:30 0.30
sjxUXmHMHsmeDIqmRD0HLgmqOk 3
sjxUXmHMHsmeDIqmRD0HLgmqOk 2
TGDUbNUzcc1oEXbAeXOR4ZtTw 8
64-YD-56 31-03-2024 10:32 31-03-2024 10:39 0.30
81-UT-26 31-03-2024 10:37 31-03-2024 10:41 0.45
EcQiBQhcyWIgMeKqPiXgGcOhIa 8
21-60-LZ 31-03-2024 10:34 31-03-2024 10:45 0.30
14-07-KQ 31-03-2024 10:44 31-03-2024 10:48 0.30
xTmNqP2eCNhmUk 9
xTmNqP2eCNhmUk 8
PP-53-XM 31-03-2024 10:51 31-03-2024 10:52 0.30
xTmNqP2eCNhmUk 8
8Ej0GwjrLsqevXywkxYWQhEkc 3
TGDUbNUzcc1oEXbAeXOR4ZtTw 8
23-45-EM 31-03-2024 10:50 31-03-2024 11:00 0.30
IR-52-11 31-03-2024 10:56 31-03-2024 11:01 0.35
83-13-AU 31-03-2024 10:58 31-03-2024 11:03 0.45
sjxUXmHMHsmeDIqmRD0HLgmqOk 3
EcQiBQhcyWIgMeKqPiXgGcOhIa 8
EcQiBQhcyWIgMeKqPiXgGcOhIa 7
EcQiBQhcyWIgMeKqPiXgGcOhIa 6
8Ej0GwjrLsqevXywkxYWQhEkc 3
KM-HG-85 31-03-2024 11:11 31-03-2024 11:19 0.30
SU-10-RE 31-03-2024 11:08 31-03-2024 11:20 0.30
xTmNqP2eCNhmUk 8
TG-48-76 31-03-2024 10:53 31-03-2024 11:26 0.90
83-13-AU 31-03-2024 11:06 31-03-2024 11:29 0.60
xTmNqP2eCNhmUk 8
PM-84-62 31-03-2024 11:16 31-03-2024 11:35 0.70
xTmNqP2eCNhmUk 7
sjxUXmHMHsmeDIqmRD0HLgmqOk 3
8Ej0GwjrLsqevXywkxYWQhEkc 3
CU-68-00 31-03-2024 11:32 31-03-2024 11:43 0.30
23-45-EM 31-03-2024 11:23 31-03-2024 11:45 0.60
8Ej0GwjrLsqevXywkxYWQhEkc
TGDUbNUzcc1oEXbAeXOR4ZtTw
sjxUXmHMHsmeDIqmRD0HLgmqOk
xTmNqP2eCNhmUk
xTmNqP2eCNhmUk 10 9
8Ej0GwjrLsqevXywkxYWQhEkc 4 3
TGDUbNUzcc1oEXbAeXOR4ZtTw 9 9
sjxUXmHMHsmeDIqmRD0HLgmqOk 4 3
8Ej0GwjrLsqevXywkxYWQhEkc
TGDUbNUzcc1oEXbAeXOR4ZtTw
sjxUXmHMHsmeDIqmRD0HLgmqOk
8Ej0GwjrLsqevXywkxYWQhEkc 4 3
TGDUbNUzcc1oEXbAeXOR4ZtTw 9 9
sjxUXmHMHsmeDIqmRD0HLgmqOk 4 3
8Ej0GwjrLsqevXywkxYWQhEkc
TGDUbNUzcc1oEXbAeXOR4ZtTw
8Ej0GwjrLsqevXywkxYWQhEkc 4 3
TGDUbNUzcc1oEXbAeXOR4ZtTw 9 9
8Ej0GwjrLsqevXywkxYWQhEkc
8Ej0GwjrLsqevXywkxYWQhEkc 4 3
